2026-09-29 13:06:10.284 +02:00 [INF] Executed DbCommand (9ms) [Parameters=[], CommandType='"Text"', CommandTimeout='30']
PRAGMA journal_mode = 'wal';
2026-09-29 13:06:10.371 +02:00 [INF] Executed DbCommand (0ms) [Parameters=[], CommandType='"Text"', CommandTimeout='30']
CREATE TABLE "AspNetRoles" (
    "Id" TEXT NOT NULL CONSTRAINT "PK_AspNetRoles" PRIMARY KEY,
    "Name" TEXT NULL,
    "NormalizedName" TEXT NULL,
    "ConcurrencyStamp" TEXT NULL
);
2026-09-29 13:06:10.373 +02:00 [INF] Executed DbCommand (0ms) [Parameters=[], CommandType='"Text"', CommandTimeout='30']
CREATE TABLE "AspNetUsers" (
    "Id" TEXT NOT NULL CONSTRAINT "PK_AspNetUsers" PRIMARY KEY,
    "UserName" TEXT NULL,
    "NormalizedUserName" TEXT NULL,
    "Email" TEXT NULL,
    "NormalizedEmail" TEXT NULL,
    "EmailConfirmed" INTEGER NOT NULL,
    "PasswordHash" TEXT NULL,
    "SecurityStamp" TEXT NULL,
    "ConcurrencyStamp" TEXT NULL,
    "PhoneNumber" TEXT NULL,
    "PhoneNumberConfirmed" INTEGER NOT NULL,
    "TwoFactorEnabled" INTEGER NOT NULL,
    "LockoutEnd" TEXT NULL,
    "LockoutEnabled" INTEGER NOT NULL,
    "AccessFailedCount" INTEGER NOT NULL
);
2026-09-29 13:06:10.375 +02:00 [INF] Executed DbCommand (0ms) [Parameters=[], CommandType='"Text"', CommandTimeout='30']
CREATE TABLE "Users" (
    "id" INTEGER NOT NULL CONSTRAINT "PK_Users" PRIMARY KEY AUTOINCREMENT,
    "DisplayName" TEXT NOT NULL,
    "password_hash" TEXT NOT NULL
);
2026-09-29 13:06:10.376 +02:00 [INF] Executed DbCommand (0ms) [Parameters=[], CommandType='"Text"', CommandTimeout='30']
CREATE TABLE "AspNetRoleClaims" (
    "Id" INTEGER NOT NULL CONSTRAINT "PK_AspNetRoleClaims" PRIMARY KEY AUTOINCREMENT,
    "RoleId" TEXT NOT NULL,
    "ClaimType" TEXT NULL,
    "ClaimValue" TEXT NULL,
    CONSTRAINT "FK_AspNetRoleClaims_AspNetRoles_RoleId" FOREIGN KEY ("RoleId") REFERENCES "AspNetRoles" ("Id") ON DELETE CASCADE
);
2026-09-29 13:06:10.377 +02:00 [INF] Executed DbCommand (0ms) [Parameters=[], CommandType='"Text"', CommandTimeout='30']
CREATE TABLE "AspNetUserClaims" (
    "Id" INTEGER NOT NULL CONSTRAINT "PK_AspNetUserClaims" PRIMARY KEY AUTOINCREMENT,
    "UserId" TEXT NOT NULL,
    "ClaimType" TEXT NULL,
    "ClaimValue" TEXT NULL,
    CONSTRAINT "FK_AspNetUserClaims_AspNetUsers_UserId" FOREIGN KEY ("UserId") REFERENCES "AspNetUsers" ("Id") ON DELETE CASCADE
);
2026-09-29 13:06:10.378 +02:00 [INF] Executed DbCommand (0ms) [Parameters=[], CommandType='"Text"', CommandTimeout='30']
CREATE TABLE "AspNetUserLogins" (
    "LoginProvider" TEXT NOT NULL,
    "ProviderKey" TEXT NOT NULL,
    "ProviderDisplayName" TEXT NULL,
    "UserId" TEXT NOT NULL,
    CONSTRAINT "PK_AspNetUserLogins" PRIMARY KEY ("LoginProvider", "ProviderKey"),
    CONSTRAINT "FK_AspNetUserLogins_AspNetUsers_UserId" FOREIGN KEY ("UserId") REFERENCES "AspNetUsers" ("Id") ON DELETE CASCADE
);
2026-09-29 13:06:10.379 +02:00 [INF] Executed DbCommand (0ms) [Parameters=[], CommandType='"Text"', CommandTimeout='30']
CREATE TABLE "AspNetUserRoles" (
    "UserId" TEXT NOT NULL,
    "RoleId" TEXT NOT NULL,
    CONSTRAINT "PK_AspNetUserRoles" PRIMARY KEY ("UserId", "RoleId"),
    CONSTRAINT "FK_AspNetUserRoles_AspNetRoles_RoleId" FOREIGN KEY ("RoleId") REFERENCES "AspNetRoles" ("Id") ON DELETE CASCADE,
    CONSTRAINT "FK_AspNetUserRoles_AspNetUsers_UserId" FOREIGN KEY ("UserId") REFERENCES "AspNetUsers" ("Id") ON DELETE CASCADE
);
2026-09-29 13:06:10.380 +02:00 [INF] Executed DbCommand (0ms) [Parameters=[], CommandType='"Text"', CommandTimeout='30']
CREATE TABLE "AspNetUserTokens" (
    "UserId" TEXT NOT NULL,
    "LoginProvider" TEXT NOT NULL,
    "Name" TEXT NOT NULL,
    "Value" TEXT NULL,
    CONSTRAINT "PK_AspNetUserTokens" PRIMARY KEY ("UserId", "LoginProvider", "Name"),
    CONSTRAINT "FK_AspNetUserTokens_AspNetUsers_UserId" FOREIGN KEY ("UserId") REFERENCES "AspNetUsers" ("Id") ON DELETE CASCADE
);
2026-09-29 13:06:10.382 +02:00 [INF] Executed DbCommand (0ms) [Parameters=[], CommandType='"Text"', CommandTimeout='30']
CREATE TABLE "Quizzes" (
    "id" INTEGER NOT NULL CONSTRAINT "PK_Quizzes" PRIMARY KEY AUTOINCREMENT,
    "user_id" INTEGER NULL,
    "title" TEXT NULL,
    CONSTRAINT "FK_Quizzes_Users_user_id" FOREIGN KEY ("user_id") REFERENCES "Users" ("id") ON DELETE SET NULL
);
2026-09-29 13:06:10.383 +02:00 [INF] Executed DbCommand (0ms) [Parameters=[], CommandType='"Text"', CommandTimeout='30']
CREATE TABLE "Histories" (
    "id" INTEGER NOT NULL CONSTRAINT "PK_Histories" PRIMARY KEY AUTOINCREMENT,
    "user_id" INTEGER NULL,
    "quiz_id" INTEGER NULL,
    "completed_at" TEXT NULL,
    "score" INTEGER NULL,
    CONSTRAINT "FK_Histories_Quizzes_quiz_id" FOREIGN KEY ("quiz_id") REFERENCES "Quizzes" ("id") ON DELETE RESTRICT,
    CONSTRAINT "FK_Histories_Users_user_id" FOREIGN KEY ("user_id") REFERENCES "Users" ("id") ON DELETE RESTRICT
);
2026-09-29 13:06:10.384 +02:00 [INF] Executed DbCommand (0ms) [Parameters=[], CommandType='"Text"', CommandTimeout='30']
CREATE TABLE "Questions" (
    "id" INTEGER NOT NULL CONSTRAINT "PK_Questions" PRIMARY KEY AUTOINCREMENT,
    "quiz_id" INTEGER NULL,
    "type_id" INTEGER NULL,
    "title" TEXT NULL,
    "content" json NULL,
    CONSTRAINT "FK_Questions_Quizzes_quiz_id" FOREIGN KEY ("quiz_id") REFERENCES "Quizzes" ("id") ON DELETE CASCADE
);
2026-09-29 13:06:10.385 +02:00 [INF] Executed DbCommand (0ms) [Parameters=[], CommandType='"Text"', CommandTimeout='30']
CREATE INDEX "IX_AspNetRoleClaims_RoleId" ON "AspNetRoleClaims" ("RoleId");
2026-09-29 13:06:10.387 +02:00 [INF] Executed DbCommand (0ms) [Parameters=[], CommandType='"Text"', CommandTimeout='30']
CREATE UNIQUE INDEX "RoleNameIndex" ON "AspNetRoles" ("NormalizedName");
2026-09-29 13:06:10.388 +02:00 [INF] Executed DbCommand (0ms) [Parameters=[], CommandType='"Text"', CommandTimeout='30']
CREATE INDEX "IX_AspNetUserClaims_UserId" ON "AspNetUserClaims" ("UserId");
2026-09-29 13:06:10.390 +02:00 [INF] Executed DbCommand (0ms) [Parameters=[], CommandType='"Text"', CommandTimeout='30']
CREATE INDEX "IX_AspNetUserLogins_UserId" ON "AspNetUserLogins" ("UserId");
2026-09-29 13:06:10.391 +02:00 [INF] Executed DbCommand (0ms) [Parameters=[], CommandType='"Text"', CommandTimeout='30']
CREATE INDEX "IX_AspNetUserRoles_RoleId" ON "AspNetUserRoles" ("RoleId");
2026-09-29 13:06:10.392 +02:00 [INF] Executed DbCommand (0ms) [Parameters=[], CommandType='"Text"', CommandTimeout='30']
CREATE INDEX "EmailIndex" ON "AspNetUsers" ("NormalizedEmail");
2026-09-29 13:06:10.393 +02:00 [INF] Executed DbCommand (0ms) [Parameters=[], CommandType='"Text"', CommandTimeout='30']
CREATE UNIQUE INDEX "UserNameIndex" ON "AspNetUsers" ("NormalizedUserName");
2026-09-29 13:06:10.394 +02:00 [INF] Executed DbCommand (0ms) [Parameters=[], CommandType='"Text"', CommandTimeout='30']
CREATE INDEX "IX_Histories_quiz_id" ON "Histories" ("quiz_id");
2026-09-29 13:06:10.396 +02:00 [INF] Executed DbCommand (0ms) [Parameters=[], CommandType='"Text"', CommandTimeout='30']
CREATE INDEX "IX_Histories_user_id" ON "Histories" ("user_id");
2026-09-29 13:06:10.397 +02:00 [INF] Executed DbCommand (0ms) [Parameters=[], CommandType='"Text"', CommandTimeout='30']
CREATE INDEX "IX_Questions_quiz_id" ON "Questions" ("quiz_id");
2026-09-29 13:06:10.398 +02:00 [INF] Executed DbCommand (0ms) [Parameters=[], CommandType='"Text"', CommandTimeout='30']
CREATE INDEX "IX_Quizzes_user_id" ON "Quizzes" ("user_id");
2026-09-29 13:06:10.510 +02:00 [INF] Executed DbCommand (0ms) [Parameters=[], CommandType='"Text"', CommandTimeout='30']
SELECT EXISTS (
    SELECT 1
    FROM "Users" AS "u")
2026-09-29 13:06:10.589 +02:00 [INF] Executed DbCommand (2ms) [Parameters=[@p0='?' (Size = 12), @p1='?'], CommandType='"Text"', CommandTimeout='30']
INSERT INTO "Users" ("DisplayName", "password_hash")
VALUES (@p0, @p1)
RETURNING "id";
2026-09-29 13:06:10.597 +02:00 [INF] Executed DbCommand (0ms) [Parameters=[@p0='?' (Size = 15), @p1='?'], CommandType='"Text"', CommandTimeout='30']
INSERT INTO "Users" ("DisplayName", "password_hash")
VALUES (@p0, @p1)
RETURNING "id";
2026-09-29 13:06:10.611 +02:00 [WRN] The query uses the 'First'/'FirstOrDefault' operator without 'OrderBy' and filter operators. This may lead to unpredictable results.
2026-09-29 13:06:10.631 +02:00 [INF] Executed DbCommand (0ms) [Parameters=[], CommandType='"Text"', CommandTimeout='30']
SELECT "u"."id", "u"."DisplayName", "u"."password_hash"
FROM "Users" AS "u"
LIMIT 1
2026-09-29 13:06:10.642 +02:00 [INF] Executed DbCommand (0ms) [Parameters=[], CommandType='"Text"', CommandTimeout='30']
SELECT "u"."id", "u"."DisplayName", "u"."password_hash"
FROM "Users" AS "u"
ORDER BY "u"."id" DESC
LIMIT 1
2026-09-29 13:06:10.645 +02:00 [INF] Executed DbCommand (0ms) [Parameters=[], CommandType='"Text"', CommandTimeout='30']
SELECT EXISTS (
    SELECT 1
    FROM "Quizzes" AS "q")
2026-09-29 13:06:10.666 +02:00 [INF] Executed DbCommand (0ms) [Parameters=[@p0='?' (Size = 5), @p1='?' (DbType = Int32)], CommandType='"Text"', CommandTimeout='30']
INSERT INTO "Quizzes" ("title", "user_id")
VALUES (@p0, @p1)
RETURNING "id";
2026-09-29 13:06:10.669 +02:00 [INF] Executed DbCommand (0ms) [Parameters=[@p0='?' (Size = 9), @p1='?' (DbType = Int32)], CommandType='"Text"', CommandTimeout='30']
INSERT INTO "Quizzes" ("title", "user_id")
VALUES (@p0, @p1)
RETURNING "id";
2026-09-29 13:06:10.690 +02:00 [INF] Executed DbCommand (1ms) [Parameters=[], CommandType='"Text"', CommandTimeout='30']
SELECT COUNT(*) FROM "sqlite_master" WHERE "type" = 'table' AND "rootpage" IS NOT NULL;
2026-09-29 13:06:10.748 +02:00 [INF] User profile is available. Using 'C:\Users\LeonE\AppData\Local\ASP.NET\DataProtection-Keys' as key repository and Windows DPAPI to encrypt keys at rest.
2026-09-29 13:06:10.827 +02:00 [INF] Now listening on: http://localhost:5172
2026-09-29 13:06:10.828 +02:00 [INF] Application started. Press Ctrl+C to shut down.
2026-09-29 13:06:10.829 +02:00 [INF] Hosting environment: Development
2026-09-29 13:06:10.830 +02:00 [INF] Content root path: C:\Users\LeonE\Desktop\GitHub\ITPE3200-1-26H\gremlin
2026-09-29 13:12:06.922 +02:00 [INF] Application is shutting down...
