2026-09-29 13:12:11.626 +02:00 [INF] Executed DbCommand (9ms) [Parameters=[], CommandType='"Text"', CommandTimeout='30']
PRAGMA journal_mode = 'wal';
2026-09-29 13:12:11.723 +02:00 [INF] Executed DbCommand (0ms) [Parameters=[], CommandType='"Text"', CommandTimeout='30']
CREATE TABLE "AspNetRoles" (
    "Id" TEXT NOT NULL CONSTRAINT "PK_AspNetRoles" PRIMARY KEY,
    "Name" TEXT NULL,
    "NormalizedName" TEXT NULL,
    "ConcurrencyStamp" TEXT NULL
);
2026-09-29 13:12:11.724 +02:00 [INF] Executed DbCommand (0ms) [Parameters=[], CommandType='"Text"', CommandTimeout='30']
CREATE TABLE "AspNetUsers" (
    "Id" TEXT NOT NULL CONSTRAINT "PK_AspNetUsers" PRIMARY KEY,
    "UserName" TEXT NULL,
    "NormalizedUserName" TEXT NULL,
    "Email" TEXT NULL,
    "NormalizedEmail" TEXT NULL,
    "EmailConfirmed" INTEGER NOT NULL,
    "PasswordHash" TEXT NULL,
    "SecurityStamp" TEXT NULL,
    "ConcurrencyStamp" TEXT NULL,
    "PhoneNumber" TEXT NULL,
    "PhoneNumberConfirmed" INTEGER NOT NULL,
    "TwoFactorEnabled" INTEGER NOT NULL,
    "LockoutEnd" TEXT NULL,
    "LockoutEnabled" INTEGER NOT NULL,
    "AccessFailedCount" INTEGER NOT NULL
);
2026-09-29 13:12:11.726 +02:00 [INF] Executed DbCommand (0ms) [Parameters=[], CommandType='"Text"', CommandTimeout='30']
CREATE TABLE "Users" (
    "id" INTEGER NOT NULL CONSTRAINT "PK_Users" PRIMARY KEY AUTOINCREMENT,
    "DisplayName" TEXT NOT NULL,
    "password_hash" TEXT NOT NULL
);
2026-09-29 13:12:11.727 +02:00 [INF] Executed DbCommand (0ms) [Parameters=[], CommandType='"Text"', CommandTimeout='30']
CREATE TABLE "AspNetRoleClaims" (
    "Id" INTEGER NOT NULL CONSTRAINT "PK_AspNetRoleClaims" PRIMARY KEY AUTOINCREMENT,
    "RoleId" TEXT NOT NULL,
    "ClaimType" TEXT NULL,
    "ClaimValue" TEXT NULL,
    CONSTRAINT "FK_AspNetRoleClaims_AspNetRoles_RoleId" FOREIGN KEY ("RoleId") REFERENCES "AspNetRoles" ("Id") ON DELETE CASCADE
);
2026-09-29 13:12:11.728 +02:00 [INF] Executed DbCommand (0ms) [Parameters=[], CommandType='"Text"', CommandTimeout='30']
CREATE TABLE "AspNetUserClaims" (
    "Id" INTEGER NOT NULL CONSTRAINT "PK_AspNetUserClaims" PRIMARY KEY AUTOINCREMENT,
    "UserId" TEXT NOT NULL,
    "ClaimType" TEXT NULL,
    "ClaimValue" TEXT NULL,
    CONSTRAINT "FK_AspNetUserClaims_AspNetUsers_UserId" FOREIGN KEY ("UserId") REFERENCES "AspNetUsers" ("Id") ON DELETE CASCADE
);
2026-09-29 13:12:11.729 +02:00 [INF] Executed DbCommand (0ms) [Parameters=[], CommandType='"Text"', CommandTimeout='30']
CREATE TABLE "AspNetUserLogins" (
    "LoginProvider" TEXT NOT NULL,
    "ProviderKey" TEXT NOT NULL,
    "ProviderDisplayName" TEXT NULL,
    "UserId" TEXT NOT NULL,
    CONSTRAINT "PK_AspNetUserLogins" PRIMARY KEY ("LoginProvider", "ProviderKey"),
    CONSTRAINT "FK_AspNetUserLogins_AspNetUsers_UserId" FOREIGN KEY ("UserId") REFERENCES "AspNetUsers" ("Id") ON DELETE CASCADE
);
2026-09-29 13:12:11.730 +02:00 [INF] Executed DbCommand (0ms) [Parameters=[], CommandType='"Text"', CommandTimeout='30']
CREATE TABLE "AspNetUserRoles" (
    "UserId" TEXT NOT NULL,
    "RoleId" TEXT NOT NULL,
    CONSTRAINT "PK_AspNetUserRoles" PRIMARY KEY ("UserId", "RoleId"),
    CONSTRAINT "FK_AspNetUserRoles_AspNetRoles_RoleId" FOREIGN KEY ("RoleId") REFERENCES "AspNetRoles" ("Id") ON DELETE CASCADE,
    CONSTRAINT "FK_AspNetUserRoles_AspNetUsers_UserId" FOREIGN KEY ("UserId") REFERENCES "AspNetUsers" ("Id") ON DELETE CASCADE
);
2026-09-29 13:12:11.731 +02:00 [INF] Executed DbCommand (0ms) [Parameters=[], CommandType='"Text"', CommandTimeout='30']
CREATE TABLE "AspNetUserTokens" (
    "UserId" TEXT NOT NULL,
    "LoginProvider" TEXT NOT NULL,
    "Name" TEXT NOT NULL,
    "Value" TEXT NULL,
    CONSTRAINT "PK_AspNetUserTokens" PRIMARY KEY ("UserId", "LoginProvider", "Name"),
    CONSTRAINT "FK_AspNetUserTokens_AspNetUsers_UserId" FOREIGN KEY ("UserId") REFERENCES "AspNetUsers" ("Id") ON DELETE CASCADE
);
2026-09-29 13:12:11.732 +02:00 [INF] Executed DbCommand (0ms) [Parameters=[], CommandType='"Text"', CommandTimeout='30']
CREATE TABLE "Quizzes" (
    "id" INTEGER NOT NULL CONSTRAINT "PK_Quizzes" PRIMARY KEY AUTOINCREMENT,
    "user_id" INTEGER NULL,
    "title" TEXT NULL,
    CONSTRAINT "FK_Quizzes_Users_user_id" FOREIGN KEY ("user_id") REFERENCES "Users" ("id") ON DELETE SET NULL
);
2026-09-29 13:12:11.733 +02:00 [INF] Executed DbCommand (0ms) [Parameters=[], CommandType='"Text"', CommandTimeout='30']
CREATE TABLE "Histories" (
    "id" INTEGER NOT NULL CONSTRAINT "PK_Histories" PRIMARY KEY AUTOINCREMENT,
    "user_id" INTEGER NULL,
    "quiz_id" INTEGER NULL,
    "completed_at" TEXT NULL,
    "score" INTEGER NULL,
    CONSTRAINT "FK_Histories_Quizzes_quiz_id" FOREIGN KEY ("quiz_id") REFERENCES "Quizzes" ("id") ON DELETE RESTRICT,
    CONSTRAINT "FK_Histories_Users_user_id" FOREIGN KEY ("user_id") REFERENCES "Users" ("id") ON DELETE RESTRICT
);
2026-09-29 13:12:11.734 +02:00 [INF] Executed DbCommand (0ms) [Parameters=[], CommandType='"Text"', CommandTimeout='30']
CREATE TABLE "Questions" (
    "id" INTEGER NOT NULL CONSTRAINT "PK_Questions" PRIMARY KEY AUTOINCREMENT,
    "quiz_id" INTEGER NULL,
    "type_id" INTEGER NULL,
    "title" TEXT NULL,
    "content" json NULL,
    CONSTRAINT "FK_Questions_Quizzes_quiz_id" FOREIGN KEY ("quiz_id") REFERENCES "Quizzes" ("id") ON DELETE CASCADE
);
2026-09-29 13:12:11.735 +02:00 [INF] Executed DbCommand (0ms) [Parameters=[], CommandType='"Text"', CommandTimeout='30']
CREATE INDEX "IX_AspNetRoleClaims_RoleId" ON "AspNetRoleClaims" ("RoleId");
2026-09-29 13:12:11.737 +02:00 [INF] Executed DbCommand (0ms) [Parameters=[], CommandType='"Text"', CommandTimeout='30']
CREATE UNIQUE INDEX "RoleNameIndex" ON "AspNetRoles" ("NormalizedName");
2026-09-29 13:12:11.738 +02:00 [INF] Executed DbCommand (0ms) [Parameters=[], CommandType='"Text"', CommandTimeout='30']
CREATE INDEX "IX_AspNetUserClaims_UserId" ON "AspNetUserClaims" ("UserId");
2026-09-29 13:12:11.739 +02:00 [INF] Executed DbCommand (0ms) [Parameters=[], CommandType='"Text"', CommandTimeout='30']
CREATE INDEX "IX_AspNetUserLogins_UserId" ON "AspNetUserLogins" ("UserId");
2026-09-29 13:12:11.740 +02:00 [INF] Executed DbCommand (0ms) [Parameters=[], CommandType='"Text"', CommandTimeout='30']
CREATE INDEX "IX_AspNetUserRoles_RoleId" ON "AspNetUserRoles" ("RoleId");
2026-09-29 13:12:11.741 +02:00 [INF] Executed DbCommand (0ms) [Parameters=[], CommandType='"Text"', CommandTimeout='30']
CREATE INDEX "EmailIndex" ON "AspNetUsers" ("NormalizedEmail");
2026-09-29 13:12:11.742 +02:00 [INF] Executed DbCommand (0ms) [Parameters=[], CommandType='"Text"', CommandTimeout='30']
CREATE UNIQUE INDEX "UserNameIndex" ON "AspNetUsers" ("NormalizedUserName");
2026-09-29 13:12:11.743 +02:00 [INF] Executed DbCommand (0ms) [Parameters=[], CommandType='"Text"', CommandTimeout='30']
CREATE INDEX "IX_Histories_quiz_id" ON "Histories" ("quiz_id");
2026-09-29 13:12:11.744 +02:00 [INF] Executed DbCommand (0ms) [Parameters=[], CommandType='"Text"', CommandTimeout='30']
CREATE INDEX "IX_Histories_user_id" ON "Histories" ("user_id");
2026-09-29 13:12:11.745 +02:00 [INF] Executed DbCommand (0ms) [Parameters=[], CommandType='"Text"', CommandTimeout='30']
CREATE INDEX "IX_Questions_quiz_id" ON "Questions" ("quiz_id");
2026-09-29 13:12:11.746 +02:00 [INF] Executed DbCommand (0ms) [Parameters=[], CommandType='"Text"', CommandTimeout='30']
CREATE INDEX "IX_Quizzes_user_id" ON "Quizzes" ("user_id");
2026-09-29 13:12:11.857 +02:00 [INF] Executed DbCommand (0ms) [Parameters=[], CommandType='"Text"', CommandTimeout='30']
SELECT EXISTS (
    SELECT 1
    FROM "Users" AS "u")
2026-09-29 13:12:11.941 +02:00 [INF] Executed DbCommand (2ms) [Parameters=[@p0='?' (Size = 12), @p1='?'], CommandType='"Text"', CommandTimeout='30']
INSERT INTO "Users" ("DisplayName", "password_hash")
VALUES (@p0, @p1)
RETURNING "id";
2026-09-29 13:12:11.949 +02:00 [INF] Executed DbCommand (0ms) [Parameters=[@p0='?' (Size = 15), @p1='?'], CommandType='"Text"', CommandTimeout='30']
INSERT INTO "Users" ("DisplayName", "password_hash")
VALUES (@p0, @p1)
RETURNING "id";
2026-09-29 13:12:11.962 +02:00 [WRN] The query uses the 'First'/'FirstOrDefault' operator without 'OrderBy' and filter operators. This may lead to unpredictable results.
2026-09-29 13:12:11.981 +02:00 [INF] Executed DbCommand (0ms) [Parameters=[], CommandType='"Text"', CommandTimeout='30']
SELECT "u"."id", "u"."DisplayName", "u"."password_hash"
FROM "Users" AS "u"
LIMIT 1
2026-09-29 13:12:11.992 +02:00 [INF] Executed DbCommand (0ms) [Parameters=[], CommandType='"Text"', CommandTimeout='30']
SELECT "u"."id", "u"."DisplayName", "u"."password_hash"
FROM "Users" AS "u"
ORDER BY "u"."id" DESC
LIMIT 1
2026-09-29 13:12:11.995 +02:00 [INF] Executed DbCommand (0ms) [Parameters=[], CommandType='"Text"', CommandTimeout='30']
SELECT EXISTS (
    SELECT 1
    FROM "Quizzes" AS "q")
2026-09-29 13:12:12.016 +02:00 [INF] Executed DbCommand (0ms) [Parameters=[@p0='?' (Size = 5), @p1='?' (DbType = Int32)], CommandType='"Text"', CommandTimeout='30']
INSERT INTO "Quizzes" ("title", "user_id")
VALUES (@p0, @p1)
RETURNING "id";
2026-09-29 13:12:12.019 +02:00 [INF] Executed DbCommand (0ms) [Parameters=[@p0='?' (Size = 9), @p1='?' (DbType = Int32)], CommandType='"Text"', CommandTimeout='30']
INSERT INTO "Quizzes" ("title", "user_id")
VALUES (@p0, @p1)
RETURNING "id";
2026-09-29 13:12:12.040 +02:00 [INF] Executed DbCommand (0ms) [Parameters=[], CommandType='"Text"', CommandTimeout='30']
SELECT COUNT(*) FROM "sqlite_master" WHERE "type" = 'table' AND "rootpage" IS NOT NULL;
2026-09-29 13:12:12.097 +02:00 [INF] User profile is available. Using 'C:\Users\LeonE\AppData\Local\ASP.NET\DataProtection-Keys' as key repository and Windows DPAPI to encrypt keys at rest.
2026-09-29 13:12:12.178 +02:00 [INF] Now listening on: http://localhost:5172
2026-09-29 13:12:12.179 +02:00 [INF] Application started. Press Ctrl+C to shut down.
2026-09-29 13:12:12.180 +02:00 [INF] Hosting environment: Development
2026-09-29 13:12:12.181 +02:00 [INF] Content root path: C:\Users\LeonE\Desktop\GitHub\ITPE3200-1-26H\gremlin
2026-09-29 13:12:16.218 +02:00 [INF] Request starting HTTP/1.1 GET http://localhost:5172/Views/Account/Login - null null
2026-09-29 13:12:16.222 +02:00 [WRN] Failed to determine the https port for redirect.
2026-09-29 13:12:16.309 +02:00 [INF] Request finished HTTP/1.1 GET http://localhost:5172/Views/Account/Login - 404 0 null 92.8228ms
2026-09-29 13:12:16.314 +02:00 [INF] Request reached the end of the middleware pipeline without being handled by application code. Request path: GET http://localhost:5172/Views/Account/Login, Response status code: 404
2026-09-29 13:12:23.564 +02:00 [INF] Request starting HTTP/1.1 GET http://localhost:5172/Account/Login - null null
2026-09-29 13:12:23.573 +02:00 [INF] Executing endpoint 'Gremlin.Controllers.AccountController.Login (Gremlin)'
2026-09-29 13:12:23.586 +02:00 [INF] Route matched with {action = "Login", controller = "Account", page = "", area = ""}. Executing controller action with signature Microsoft.AspNetCore.Mvc.IActionResult Login(System.String) on controller Gremlin.Controllers.AccountController (Gremlin).
2026-09-29 13:12:23.606 +02:00 [INF] Executing ViewResult, running view Login.
2026-09-29 13:12:23.714 +02:00 [INF] Executed ViewResult - view Login executed in 110.117ms.
2026-09-29 13:12:23.716 +02:00 [INF] Executed action Gremlin.Controllers.AccountController.Login (Gremlin) in 128.6305ms
2026-09-29 13:12:23.718 +02:00 [INF] Executed endpoint 'Gremlin.Controllers.AccountController.Login (Gremlin)'
2026-09-29 13:12:23.721 +02:00 [INF] Request finished HTTP/1.1 GET http://localhost:5172/Account/Login - 200 null text/html; charset=utf-8 157.3764ms
2026-09-29 13:12:23.741 +02:00 [INF] Request starting HTTP/1.1 GET http://localhost:5172/lib/jquery-validation/dist/jquery.validate.min.js - null null
2026-09-29 13:12:23.742 +02:00 [INF] Request starting HTTP/1.1 GET http://localhost:5172/lib/jquery-validation-unobtrusive/dist/jquery.validate.unobtrusive.min.js - null null
2026-09-29 13:12:23.781 +02:00 [INF] Sending file. Request path: '/lib/jquery-validation-unobtrusive/dist/jquery.validate.unobtrusive.min.js'. Physical path: 'C:\Users\LeonE\Desktop\GitHub\ITPE3200-1-26H\gremlin\wwwroot\lib\jquery-validation-unobtrusive\dist\jquery.validate.unobtrusive.min.js'
2026-09-29 13:12:23.783 +02:00 [INF] Request finished HTTP/1.1 GET http://localhost:5172/lib/jquery-validation-unobtrusive/dist/jquery.validate.unobtrusive.min.js - 200 5824 text/javascript 41.5701ms
2026-09-29 13:12:23.812 +02:00 [INF] Sending file. Request path: '/lib/jquery-validation/dist/jquery.validate.min.js'. Physical path: 'C:\Users\LeonE\Desktop\GitHub\ITPE3200-1-26H\gremlin\wwwroot\lib\jquery-validation\dist\jquery.validate.min.js'
2026-09-29 13:12:23.815 +02:00 [INF] Request finished HTTP/1.1 GET http://localhost:5172/lib/jquery-validation/dist/jquery.validate.min.js - 200 25308 text/javascript 73.9724ms
2026-09-29 13:12:50.210 +02:00 [INF] Request starting HTTP/1.1 GET http://localhost:5172/create/user - null null
2026-09-29 13:12:50.214 +02:00 [INF] Request finished HTTP/1.1 GET http://localhost:5172/create/user - 404 0 null 4.3414ms
2026-09-29 13:12:50.217 +02:00 [INF] Request reached the end of the middleware pipeline without being handled by application code. Request path: GET http://localhost:5172/create/user, Response status code: 404
2026-09-29 13:12:58.187 +02:00 [INF] Request starting HTTP/1.1 GET http://localhost:5172/User/Create - null null
2026-09-29 13:12:58.190 +02:00 [INF] Executing endpoint 'Gremlin.Controllers.UserController.Create (Gremlin)'
2026-09-29 13:12:58.193 +02:00 [INF] Route matched with {action = "Create", controller = "User", page = "", area = ""}. Executing controller action with signature Microsoft.AspNetCore.Mvc.IActionResult Create() on controller Gremlin.Controllers.UserController (Gremlin).
2026-09-29 13:12:58.199 +02:00 [INF] Executing ViewResult, running view Create.
2026-09-29 13:12:58.223 +02:00 [INF] Executed ViewResult - view Create executed in 25.0045ms.
2026-09-29 13:12:58.225 +02:00 [INF] Executed action Gremlin.Controllers.UserController.Create (Gremlin) in 30.4733ms
2026-09-29 13:12:58.227 +02:00 [INF] Executed endpoint 'Gremlin.Controllers.UserController.Create (Gremlin)'
2026-09-29 13:12:58.228 +02:00 [INF] Request finished HTTP/1.1 GET http://localhost:5172/User/Create - 200 null text/html; charset=utf-8 40.3503ms
2026-09-29 13:13:17.432 +02:00 [INF] Request starting HTTP/1.1 GET http://localhost:5172/User/1 - null null
2026-09-29 13:13:17.435 +02:00 [INF] Executing endpoint 'Gremlin.Controllers.UserController.Details (Gremlin)'
2026-09-29 13:13:17.445 +02:00 [INF] Route matched with {action = "Details", controller = "User", page = "", area = ""}. Executing controller action with signature System.Threading.Tasks.Task`1[Microsoft.AspNetCore.Mvc.IActionResult] Details(Int32) on controller Gremlin.Controllers.UserController (Gremlin).
2026-09-29 13:13:17.547 +02:00 [INF] Executed DbCommand (1ms) [Parameters=[@id='?' (DbType = Int32)], CommandType='"Text"', CommandTimeout='30']
SELECT "u"."id", "u"."DisplayName", "u"."password_hash"
FROM "Users" AS "u"
WHERE "u"."id" = @id
LIMIT 1
2026-09-29 13:13:17.617 +02:00 [INF] Executed DbCommand (0ms) [Parameters=[@id='?' (DbType = Int32)], CommandType='"Text"', CommandTimeout='30']
SELECT "q"."id", "q"."title", "q"."user_id", "q0"."id", "q0"."content", "q0"."quiz_id", "q0"."title", "q0"."type_id"
FROM "Quizzes" AS "q"
LEFT JOIN "Questions" AS "q0" ON "q"."id" = "q0"."quiz_id"
WHERE "q"."user_id" = @id
ORDER BY "q"."id"
2026-09-29 13:13:17.633 +02:00 [INF] Executed DbCommand (0ms) [Parameters=[@id='?' (DbType = Int32)], CommandType='"Text"', CommandTimeout='30']
SELECT "h"."id", "h"."completed_at", "h"."quiz_id", "h"."score", "h"."user_id", "q"."id", "q"."title", "q"."user_id"
FROM "Histories" AS "h"
LEFT JOIN "Quizzes" AS "q" ON "h"."quiz_id" = "q"."id"
WHERE "h"."user_id" = @id
ORDER BY "h"."completed_at" DESC
2026-09-29 13:13:17.635 +02:00 [INF] Executing ViewResult, running view Details.
2026-09-29 13:13:17.641 +02:00 [INF] Executed ViewResult - view Details executed in 6.1369ms.
2026-09-29 13:13:17.642 +02:00 [INF] Executed action Gremlin.Controllers.UserController.Details (Gremlin) in 195.4004ms
2026-09-29 13:13:17.643 +02:00 [INF] Executed endpoint 'Gremlin.Controllers.UserController.Details (Gremlin)'
2026-09-29 13:13:17.645 +02:00 [INF] Request finished HTTP/1.1 GET http://localhost:5172/User/1 - 200 null text/html; charset=utf-8 212.7595ms
2026-09-29 13:13:19.256 +02:00 [INF] Request starting HTTP/1.1 GET http://localhost:5172/User/Update - null null
2026-09-29 13:13:19.260 +02:00 [INF] Executing endpoint 'Gremlin.Controllers.UserController.Update (Gremlin)'
2026-09-29 13:13:19.262 +02:00 [INF] Route matched with {action = "Update", controller = "User", page = "", area = ""}. Executing controller action with signature Microsoft.AspNetCore.Mvc.IActionResult Update(Int32) on controller Gremlin.Controllers.UserController (Gremlin).
2026-09-29 13:13:19.277 +02:00 [INF] Executed DbCommand (0ms) [Parameters=[@p='?' (DbType = Int32)], CommandType='"Text"', CommandTimeout='30']
SELECT "u"."id", "u"."DisplayName", "u"."password_hash"
FROM "Users" AS "u"
WHERE "u"."id" = @p
LIMIT 1
2026-09-29 13:13:19.281 +02:00 [INF] Executing StatusCodeResult, setting HTTP status code 404
2026-09-29 13:13:19.282 +02:00 [INF] Executed action Gremlin.Controllers.UserController.Update (Gremlin) in 18.131ms
2026-09-29 13:13:19.283 +02:00 [INF] Executed endpoint 'Gremlin.Controllers.UserController.Update (Gremlin)'
2026-09-29 13:13:19.284 +02:00 [INF] Request finished HTTP/1.1 GET http://localhost:5172/User/Update - 404 0 null 27.9582ms
2026-09-29 13:17:21.707 +02:00 [INF] Application is shutting down...
