2026-09-29 13:57:06.688 +02:00 [INF] Executed DbCommand (8ms) [Parameters=[], CommandType='"Text"', CommandTimeout='30']
PRAGMA journal_mode = 'wal';
2026-09-29 13:57:06.781 +02:00 [INF] Executed DbCommand (0ms) [Parameters=[], CommandType='"Text"', CommandTimeout='30']
CREATE TABLE "AspNetRoles" (
    "Id" TEXT NOT NULL CONSTRAINT "PK_AspNetRoles" PRIMARY KEY,
    "Name" TEXT NULL,
    "NormalizedName" TEXT NULL,
    "ConcurrencyStamp" TEXT NULL
);
2026-09-29 13:57:06.782 +02:00 [INF] Executed DbCommand (0ms) [Parameters=[], CommandType='"Text"', CommandTimeout='30']
CREATE TABLE "AspNetUsers" (
    "Id" TEXT NOT NULL CONSTRAINT "PK_AspNetUsers" PRIMARY KEY,
    "DisplayName" TEXT NOT NULL,
    "UserName" TEXT NULL,
    "NormalizedUserName" TEXT NULL,
    "Email" TEXT NULL,
    "NormalizedEmail" TEXT NULL,
    "EmailConfirmed" INTEGER NOT NULL,
    "PasswordHash" TEXT NULL,
    "SecurityStamp" TEXT NULL,
    "ConcurrencyStamp" TEXT NULL,
    "PhoneNumber" TEXT NULL,
    "PhoneNumberConfirmed" INTEGER NOT NULL,
    "TwoFactorEnabled" INTEGER NOT NULL,
    "LockoutEnd" TEXT NULL,
    "LockoutEnabled" INTEGER NOT NULL,
    "AccessFailedCount" INTEGER NOT NULL
);
2026-09-29 13:57:06.784 +02:00 [INF] Executed DbCommand (0ms) [Parameters=[], CommandType='"Text"', CommandTimeout='30']
CREATE TABLE "AspNetRoleClaims" (
    "Id" INTEGER NOT NULL CONSTRAINT "PK_AspNetRoleClaims" PRIMARY KEY AUTOINCREMENT,
    "RoleId" TEXT NOT NULL,
    "ClaimType" TEXT NULL,
    "ClaimValue" TEXT NULL,
    CONSTRAINT "FK_AspNetRoleClaims_AspNetRoles_RoleId" FOREIGN KEY ("RoleId") REFERENCES "AspNetRoles" ("Id") ON DELETE CASCADE
);
2026-09-29 13:57:06.785 +02:00 [INF] Executed DbCommand (0ms) [Parameters=[], CommandType='"Text"', CommandTimeout='30']
CREATE TABLE "AspNetUserClaims" (
    "Id" INTEGER NOT NULL CONSTRAINT "PK_AspNetUserClaims" PRIMARY KEY AUTOINCREMENT,
    "UserId" TEXT NOT NULL,
    "ClaimType" TEXT NULL,
    "ClaimValue" TEXT NULL,
    CONSTRAINT "FK_AspNetUserClaims_AspNetUsers_UserId" FOREIGN KEY ("UserId") REFERENCES "AspNetUsers" ("Id") ON DELETE CASCADE
);
2026-09-29 13:57:06.786 +02:00 [INF] Executed DbCommand (0ms) [Parameters=[], CommandType='"Text"', CommandTimeout='30']
CREATE TABLE "AspNetUserLogins" (
    "LoginProvider" TEXT NOT NULL,
    "ProviderKey" TEXT NOT NULL,
    "ProviderDisplayName" TEXT NULL,
    "UserId" TEXT NOT NULL,
    CONSTRAINT "PK_AspNetUserLogins" PRIMARY KEY ("LoginProvider", "ProviderKey"),
    CONSTRAINT "FK_AspNetUserLogins_AspNetUsers_UserId" FOREIGN KEY ("UserId") REFERENCES "AspNetUsers" ("Id") ON DELETE CASCADE
);
2026-09-29 13:57:06.787 +02:00 [INF] Executed DbCommand (0ms) [Parameters=[], CommandType='"Text"', CommandTimeout='30']
CREATE TABLE "AspNetUserRoles" (
    "UserId" TEXT NOT NULL,
    "RoleId" TEXT NOT NULL,
    CONSTRAINT "PK_AspNetUserRoles" PRIMARY KEY ("UserId", "RoleId"),
    CONSTRAINT "FK_AspNetUserRoles_AspNetRoles_RoleId" FOREIGN KEY ("RoleId") REFERENCES "AspNetRoles" ("Id") ON DELETE CASCADE,
    CONSTRAINT "FK_AspNetUserRoles_AspNetUsers_UserId" FOREIGN KEY ("UserId") REFERENCES "AspNetUsers" ("Id") ON DELETE CASCADE
);
2026-09-29 13:57:06.787 +02:00 [INF] Executed DbCommand (0ms) [Parameters=[], CommandType='"Text"', CommandTimeout='30']
CREATE TABLE "AspNetUserTokens" (
    "UserId" TEXT NOT NULL,
    "LoginProvider" TEXT NOT NULL,
    "Name" TEXT NOT NULL,
    "Value" TEXT NULL,
    CONSTRAINT "PK_AspNetUserTokens" PRIMARY KEY ("UserId", "LoginProvider", "Name"),
    CONSTRAINT "FK_AspNetUserTokens_AspNetUsers_UserId" FOREIGN KEY ("UserId") REFERENCES "AspNetUsers" ("Id") ON DELETE CASCADE
);
2026-09-29 13:57:06.788 +02:00 [INF] Executed DbCommand (0ms) [Parameters=[], CommandType='"Text"', CommandTimeout='30']
CREATE TABLE "Quizzes" (
    "id" INTEGER NOT NULL CONSTRAINT "PK_Quizzes" PRIMARY KEY AUTOINCREMENT,
    "user_id" TEXT NULL,
    "title" TEXT NULL,
    CONSTRAINT "FK_Quizzes_AspNetUsers_user_id" FOREIGN KEY ("user_id") REFERENCES "AspNetUsers" ("Id") ON DELETE SET NULL
);
2026-09-29 13:57:06.789 +02:00 [INF] Executed DbCommand (0ms) [Parameters=[], CommandType='"Text"', CommandTimeout='30']
CREATE TABLE "Histories" (
    "id" INTEGER NOT NULL CONSTRAINT "PK_Histories" PRIMARY KEY AUTOINCREMENT,
    "user_id" TEXT NULL,
    "quiz_id" INTEGER NULL,
    "completed_at" TEXT NULL,
    "score" INTEGER NULL,
    CONSTRAINT "FK_Histories_AspNetUsers_user_id" FOREIGN KEY ("user_id") REFERENCES "AspNetUsers" ("Id") ON DELETE RESTRICT,
    CONSTRAINT "FK_Histories_Quizzes_quiz_id" FOREIGN KEY ("quiz_id") REFERENCES "Quizzes" ("id") ON DELETE RESTRICT
);
2026-09-29 13:57:06.790 +02:00 [INF] Executed DbCommand (0ms) [Parameters=[], CommandType='"Text"', CommandTimeout='30']
CREATE TABLE "Questions" (
    "id" INTEGER NOT NULL CONSTRAINT "PK_Questions" PRIMARY KEY AUTOINCREMENT,
    "quiz_id" INTEGER NULL,
    "type_id" INTEGER NULL,
    "title" TEXT NULL,
    "content" json NULL,
    CONSTRAINT "FK_Questions_Quizzes_quiz_id" FOREIGN KEY ("quiz_id") REFERENCES "Quizzes" ("id") ON DELETE CASCADE
);
2026-09-29 13:57:06.791 +02:00 [INF] Executed DbCommand (0ms) [Parameters=[], CommandType='"Text"', CommandTimeout='30']
CREATE INDEX "IX_AspNetRoleClaims_RoleId" ON "AspNetRoleClaims" ("RoleId");
2026-09-29 13:57:06.792 +02:00 [INF] Executed DbCommand (0ms) [Parameters=[], CommandType='"Text"', CommandTimeout='30']
CREATE UNIQUE INDEX "RoleNameIndex" ON "AspNetRoles" ("NormalizedName");
2026-09-29 13:57:06.793 +02:00 [INF] Executed DbCommand (0ms) [Parameters=[], CommandType='"Text"', CommandTimeout='30']
CREATE INDEX "IX_AspNetUserClaims_UserId" ON "AspNetUserClaims" ("UserId");
2026-09-29 13:57:06.794 +02:00 [INF] Executed DbCommand (0ms) [Parameters=[], CommandType='"Text"', CommandTimeout='30']
CREATE INDEX "IX_AspNetUserLogins_UserId" ON "AspNetUserLogins" ("UserId");
2026-09-29 13:57:06.795 +02:00 [INF] Executed DbCommand (0ms) [Parameters=[], CommandType='"Text"', CommandTimeout='30']
CREATE INDEX "IX_AspNetUserRoles_RoleId" ON "AspNetUserRoles" ("RoleId");
2026-09-29 13:57:06.796 +02:00 [INF] Executed DbCommand (0ms) [Parameters=[], CommandType='"Text"', CommandTimeout='30']
CREATE INDEX "EmailIndex" ON "AspNetUsers" ("NormalizedEmail");
2026-09-29 13:57:06.797 +02:00 [INF] Executed DbCommand (0ms) [Parameters=[], CommandType='"Text"', CommandTimeout='30']
CREATE UNIQUE INDEX "UserNameIndex" ON "AspNetUsers" ("NormalizedUserName");
2026-09-29 13:57:06.798 +02:00 [INF] Executed DbCommand (0ms) [Parameters=[], CommandType='"Text"', CommandTimeout='30']
CREATE INDEX "IX_Histories_quiz_id" ON "Histories" ("quiz_id");
2026-09-29 13:57:06.799 +02:00 [INF] Executed DbCommand (0ms) [Parameters=[], CommandType='"Text"', CommandTimeout='30']
CREATE INDEX "IX_Histories_user_id" ON "Histories" ("user_id");
2026-09-29 13:57:06.800 +02:00 [INF] Executed DbCommand (0ms) [Parameters=[], CommandType='"Text"', CommandTimeout='30']
CREATE INDEX "IX_Questions_quiz_id" ON "Questions" ("quiz_id");
2026-09-29 13:57:06.802 +02:00 [INF] Executed DbCommand (0ms) [Parameters=[], CommandType='"Text"', CommandTimeout='30']
CREATE INDEX "IX_Quizzes_user_id" ON "Quizzes" ("user_id");
2026-09-29 13:57:06.912 +02:00 [INF] Executed DbCommand (0ms) [Parameters=[], CommandType='"Text"', CommandTimeout='30']
SELECT EXISTS (
    SELECT 1
    FROM "AspNetUsers" AS "a")
2026-09-29 13:57:07.004 +02:00 [INF] Executed DbCommand (2ms) [Parameters=[@p0='?' (Size = 36), @p1='?' (DbType = Int32), @p2='?' (Size = 36), @p3='?' (Size = 12), @p4='?' (Size = 27), @p5='?' (DbType = Boolean), @p6='?' (DbType = Boolean), @p7='?' (DbType = DateTimeOffset), @p8='?', @p9='?', @p10='?' (Size = 5), @p11='?', @p12='?' (DbType = Boolean), @p13='?' (Size = 36), @p14='?' (DbType = Boolean), @p15='?'], CommandType='"Text"', CommandTimeout='30']
INSERT INTO "AspNetUsers" ("Id", "AccessFailedCount", "ConcurrencyStamp", "DisplayName", "Email", "EmailConfirmed", "LockoutEnabled", "LockoutEnd", "NormalizedEmail", "NormalizedUserName", "PasswordHash", "PhoneNumber", "PhoneNumberConfirmed", "SecurityStamp", "TwoFactorEnabled", "UserName")
VALUES (@p0, @p1, @p2, @p3, @p4, @p5, @p6, @p7, @p8, @p9, @p10, @p11, @p12, @p13, @p14, @p15);
2026-09-29 13:57:07.007 +02:00 [INF] Executed DbCommand (0ms) [Parameters=[@p0='?' (Size = 36), @p1='?' (DbType = Int32), @p2='?' (Size = 36), @p3='?' (Size = 15), @p4='?' (Size = 18), @p5='?' (DbType = Boolean), @p6='?' (DbType = Boolean), @p7='?' (DbType = DateTimeOffset), @p8='?', @p9='?', @p10='?' (Size = 5), @p11='?', @p12='?' (DbType = Boolean), @p13='?' (Size = 36), @p14='?' (DbType = Boolean), @p15='?'], CommandType='"Text"', CommandTimeout='30']
INSERT INTO "AspNetUsers" ("Id", "AccessFailedCount", "ConcurrencyStamp", "DisplayName", "Email", "EmailConfirmed", "LockoutEnabled", "LockoutEnd", "NormalizedEmail", "NormalizedUserName", "PasswordHash", "PhoneNumber", "PhoneNumberConfirmed", "SecurityStamp", "TwoFactorEnabled", "UserName")
VALUES (@p0, @p1, @p2, @p3, @p4, @p5, @p6, @p7, @p8, @p9, @p10, @p11, @p12, @p13, @p14, @p15);
2026-09-29 13:57:07.017 +02:00 [WRN] The query uses the 'First'/'FirstOrDefault' operator without 'OrderBy' and filter operators. This may lead to unpredictable results.
2026-09-29 13:57:07.036 +02:00 [INF] Executed DbCommand (0ms) [Parameters=[], CommandType='"Text"', CommandTimeout='30']
SELECT "a"."Id", "a"."AccessFailedCount", "a"."ConcurrencyStamp", "a"."DisplayName", "a"."Email", "a"."EmailConfirmed", "a"."LockoutEnabled", "a"."LockoutEnd", "a"."NormalizedEmail", "a"."NormalizedUserName", "a"."PasswordHash", "a"."PhoneNumber", "a"."PhoneNumberConfirmed", "a"."SecurityStamp", "a"."TwoFactorEnabled", "a"."UserName"
FROM "AspNetUsers" AS "a"
LIMIT 1
2026-09-29 13:57:07.048 +02:00 [INF] Executed DbCommand (0ms) [Parameters=[], CommandType='"Text"', CommandTimeout='30']
SELECT "a"."Id", "a"."AccessFailedCount", "a"."ConcurrencyStamp", "a"."DisplayName", "a"."Email", "a"."EmailConfirmed", "a"."LockoutEnabled", "a"."LockoutEnd", "a"."NormalizedEmail", "a"."NormalizedUserName", "a"."PasswordHash", "a"."PhoneNumber", "a"."PhoneNumberConfirmed", "a"."SecurityStamp", "a"."TwoFactorEnabled", "a"."UserName"
FROM "AspNetUsers" AS "a"
ORDER BY "a"."Id" DESC
LIMIT 1
2026-09-29 13:57:07.052 +02:00 [INF] Executed DbCommand (0ms) [Parameters=[], CommandType='"Text"', CommandTimeout='30']
SELECT EXISTS (
    SELECT 1
    FROM "Quizzes" AS "q")
2026-09-29 13:57:07.083 +02:00 [INF] Executed DbCommand (0ms) [Parameters=[@p0='?' (Size = 5), @p1='?' (Size = 36)], CommandType='"Text"', CommandTimeout='30']
INSERT INTO "Quizzes" ("title", "user_id")
VALUES (@p0, @p1)
RETURNING "id";
2026-09-29 13:57:07.089 +02:00 [INF] Executed DbCommand (0ms) [Parameters=[@p0='?' (Size = 9), @p1='?' (Size = 36)], CommandType='"Text"', CommandTimeout='30']
INSERT INTO "Quizzes" ("title", "user_id")
VALUES (@p0, @p1)
RETURNING "id";
2026-09-29 13:57:07.112 +02:00 [INF] Executed DbCommand (1ms) [Parameters=[], CommandType='"Text"', CommandTimeout='30']
SELECT COUNT(*) FROM "sqlite_master" WHERE "type" = 'table' AND "rootpage" IS NOT NULL;
2026-09-29 13:57:07.169 +02:00 [INF] User profile is available. Using 'C:\Users\LeonE\AppData\Local\ASP.NET\DataProtection-Keys' as key repository and Windows DPAPI to encrypt keys at rest.
2026-09-29 13:57:07.251 +02:00 [INF] Now listening on: http://localhost:5172
2026-09-29 13:57:07.252 +02:00 [INF] Application started. Press Ctrl+C to shut down.
2026-09-29 13:57:07.253 +02:00 [INF] Hosting environment: Development
2026-09-29 13:57:07.253 +02:00 [INF] Content root path: C:\Users\LeonE\Desktop\GitHub\ITPE3200-1-26H\gremlin
2026-09-29 13:57:10.458 +02:00 [INF] Request starting HTTP/1.1 GET http://localhost:5172/ - null null
2026-09-29 13:57:10.463 +02:00 [WRN] Failed to determine the https port for redirect.
2026-09-29 13:57:10.625 +02:00 [INF] Executed DbCommand (1ms) [Parameters=[@p='?' (Size = 36)], CommandType='"Text"', CommandTimeout='30']
SELECT "a"."Id", "a"."AccessFailedCount", "a"."ConcurrencyStamp", "a"."DisplayName", "a"."Email", "a"."EmailConfirmed", "a"."LockoutEnabled", "a"."LockoutEnd", "a"."NormalizedEmail", "a"."NormalizedUserName", "a"."PasswordHash", "a"."PhoneNumber", "a"."PhoneNumberConfirmed", "a"."SecurityStamp", "a"."TwoFactorEnabled", "a"."UserName"
FROM "AspNetUsers" AS "a"
WHERE "a"."Id" = @p
LIMIT 1
2026-09-29 13:57:10.633 +02:00 [INF] AuthenticationScheme: Identity.Application signed out.
2026-09-29 13:57:10.636 +02:00 [INF] AuthenticationScheme: Identity.External signed out.
2026-09-29 13:57:10.637 +02:00 [INF] AuthenticationScheme: Identity.TwoFactorUserId signed out.
2026-09-29 13:57:10.638 +02:00 [INF] AuthenticationScheme: Identity.TwoFactorRememberMe signed out.
2026-09-29 13:57:10.641 +02:00 [INF] Identity.Application was not authenticated. Failure message: No principal.
2026-09-29 13:57:10.647 +02:00 [INF] Executing endpoint 'Gremlin.Controllers.HomeController.Index (Gremlin)'
2026-09-29 13:57:10.655 +02:00 [INF] Route matched with {action = "Index", controller = "Home", page = "", area = ""}. Executing controller action with signature Microsoft.AspNetCore.Mvc.IActionResult Index() on controller Gremlin.Controllers.HomeController (Gremlin).
2026-09-29 13:57:10.664 +02:00 [INF] Executing ViewResult, running view Index.
2026-09-29 13:57:10.759 +02:00 [INF] Executed ViewResult - view Index executed in 96.3387ms.
2026-09-29 13:57:10.762 +02:00 [INF] Executed action Gremlin.Controllers.HomeController.Index (Gremlin) in 104.469ms
2026-09-29 13:57:10.763 +02:00 [INF] Executed endpoint 'Gremlin.Controllers.HomeController.Index (Gremlin)'
2026-09-29 13:57:10.772 +02:00 [INF] Request finished HTTP/1.1 GET http://localhost:5172/ - 200 null text/html; charset=utf-8 314.9538ms
2026-09-29 13:58:09.207 +02:00 [INF] Request starting HTTP/1.1 GET http://localhost:5172/quizzes/all - null null
2026-09-29 13:58:09.212 +02:00 [INF] Executing endpoint 'Gremlin.Controllers.QuizController.Table (Gremlin)'
2026-09-29 13:58:09.215 +02:00 [INF] Route matched with {action = "Table", controller = "Quiz", page = "", area = ""}. Executing controller action with signature Microsoft.AspNetCore.Mvc.IActionResult Table() on controller Gremlin.Controllers.QuizController (Gremlin).
2026-09-29 13:58:09.293 +02:00 [INF] Executed DbCommand (0ms) [Parameters=[], CommandType='"Text"', CommandTimeout='30']
SELECT "q"."id", "q"."title", "q"."user_id", "a"."Id", "a"."AccessFailedCount", "a"."ConcurrencyStamp", "a"."DisplayName", "a"."Email", "a"."EmailConfirmed", "a"."LockoutEnabled", "a"."LockoutEnd", "a"."NormalizedEmail", "a"."NormalizedUserName", "a"."PasswordHash", "a"."PhoneNumber", "a"."PhoneNumberConfirmed", "a"."SecurityStamp", "a"."TwoFactorEnabled", "a"."UserName", "q0"."id", "q0"."content", "q0"."quiz_id", "q0"."title", "q0"."type_id"
FROM "Quizzes" AS "q"
LEFT JOIN "AspNetUsers" AS "a" ON "q"."user_id" = "a"."Id"
LEFT JOIN "Questions" AS "q0" ON "q"."id" = "q0"."quiz_id"
ORDER BY "q"."id", "a"."Id"
2026-09-29 13:58:09.306 +02:00 [INF] Executing ViewResult, running view Table.
2026-09-29 13:58:09.331 +02:00 [INF] Executed ViewResult - view Table executed in 25.8907ms.
2026-09-29 13:58:09.333 +02:00 [INF] Executed action Gremlin.Controllers.QuizController.Table (Gremlin) in 116.778ms
2026-09-29 13:58:09.334 +02:00 [INF] Executed endpoint 'Gremlin.Controllers.QuizController.Table (Gremlin)'
2026-09-29 13:58:09.335 +02:00 [INF] Request finished HTTP/1.1 GET http://localhost:5172/quizzes/all - 200 null text/html; charset=utf-8 127.6419ms
2026-09-29 13:58:22.559 +02:00 [INF] Request starting HTTP/1.1 GET http://localhost:5172/login - null null
2026-09-29 13:58:22.565 +02:00 [INF] Request finished HTTP/1.1 GET http://localhost:5172/login - 404 0 null 5.2703ms
2026-09-29 13:58:22.568 +02:00 [INF] Request reached the end of the middleware pipeline without being handled by application code. Request path: GET http://localhost:5172/login, Response status code: 404
2026-09-29 13:58:32.318 +02:00 [INF] Request starting HTTP/1.1 GET http://localhost:5172/Account/Login - null null
2026-09-29 13:58:32.322 +02:00 [INF] Executing endpoint 'Gremlin.Controllers.AccountController.Login (Gremlin)'
2026-09-29 13:58:32.329 +02:00 [INF] Route matched with {action = "Login", controller = "Account", page = "", area = ""}. Executing controller action with signature Microsoft.AspNetCore.Mvc.IActionResult Login(System.String) on controller Gremlin.Controllers.AccountController (Gremlin).
2026-09-29 13:58:32.347 +02:00 [INF] Executing ViewResult, running view Login.
2026-09-29 13:58:32.386 +02:00 [INF] Executed ViewResult - view Login executed in 40.3719ms.
2026-09-29 13:58:32.388 +02:00 [INF] Executed action Gremlin.Controllers.AccountController.Login (Gremlin) in 57.4355ms
2026-09-29 13:58:32.388 +02:00 [INF] Executed endpoint 'Gremlin.Controllers.AccountController.Login (Gremlin)'
2026-09-29 13:58:32.389 +02:00 [INF] Request finished HTTP/1.1 GET http://localhost:5172/Account/Login - 200 null text/html; charset=utf-8 70.4326ms
2026-09-29 13:59:06.759 +02:00 [INF] Request starting HTTP/1.1 POST http://localhost:5172/Account/Login - application/x-www-form-urlencoded 261
2026-09-29 13:59:06.762 +02:00 [INF] Executing endpoint 'Gremlin.Controllers.AccountController.Login (Gremlin)'
2026-09-29 13:59:06.770 +02:00 [INF] Route matched with {action = "Login", controller = "Account", page = "", area = ""}. Executing controller action with signature System.Threading.Tasks.Task`1[Microsoft.AspNetCore.Mvc.IActionResult] Login(Gremlin.ViewModels.LoginViewModel) on controller Gremlin.Controllers.AccountController (Gremlin).
2026-09-29 13:59:06.803 +02:00 [INF] Executed DbCommand (0ms) [Parameters=[@normalizedUserName='?' (Size = 27)], CommandType='"Text"', CommandTimeout='30']
SELECT "a"."Id", "a"."AccessFailedCount", "a"."ConcurrencyStamp", "a"."DisplayName", "a"."Email", "a"."EmailConfirmed", "a"."LockoutEnabled", "a"."LockoutEnd", "a"."NormalizedEmail", "a"."NormalizedUserName", "a"."PasswordHash", "a"."PhoneNumber", "a"."PhoneNumberConfirmed", "a"."SecurityStamp", "a"."TwoFactorEnabled", "a"."UserName"
FROM "AspNetUsers" AS "a"
WHERE "a"."NormalizedUserName" = @normalizedUserName
LIMIT 1
2026-09-29 13:59:06.805 +02:00 [INF] Executing ViewResult, running view Login.
2026-09-29 13:59:06.809 +02:00 [INF] Executed ViewResult - view Login executed in 3.8986ms.
2026-09-29 13:59:06.810 +02:00 [INF] Executed action Gremlin.Controllers.AccountController.Login (Gremlin) in 37.9992ms
2026-09-29 13:59:06.812 +02:00 [INF] Executed endpoint 'Gremlin.Controllers.AccountController.Login (Gremlin)'
2026-09-29 13:59:06.813 +02:00 [INF] Request finished HTTP/1.1 POST http://localhost:5172/Account/Login - 200 null text/html; charset=utf-8 54.2312ms
2026-09-29 13:59:20.741 +02:00 [INF] Request starting HTTP/1.1 GET http://localhost:5172/Account/Register - null null
2026-09-29 13:59:20.744 +02:00 [INF] Executing endpoint 'Gremlin.Controllers.AccountController.Register (Gremlin)'
2026-09-29 13:59:20.746 +02:00 [INF] Route matched with {action = "Register", controller = "Account", page = "", area = ""}. Executing controller action with signature Microsoft.AspNetCore.Mvc.IActionResult Register() on controller Gremlin.Controllers.AccountController (Gremlin).
2026-09-29 13:59:20.748 +02:00 [INF] Executing ViewResult, running view Register.
2026-09-29 13:59:20.766 +02:00 [INF] Executed ViewResult - view Register executed in 18.3094ms.
2026-09-29 13:59:20.768 +02:00 [INF] Executed action Gremlin.Controllers.AccountController.Register (Gremlin) in 21.1365ms
2026-09-29 13:59:20.769 +02:00 [INF] Executed endpoint 'Gremlin.Controllers.AccountController.Register (Gremlin)'
2026-09-29 13:59:20.770 +02:00 [INF] Request finished HTTP/1.1 GET http://localhost:5172/Account/Register - 200 null text/html; charset=utf-8 28.8337ms
2026-09-29 13:59:35.875 +02:00 [INF] Request starting HTTP/1.1 POST http://localhost:5172/Account/Register - application/x-www-form-urlencoded 253
2026-09-29 13:59:35.877 +02:00 [INF] Executing endpoint 'Gremlin.Controllers.AccountController.Register (Gremlin)'
2026-09-29 13:59:35.889 +02:00 [INF] Route matched with {action = "Register", controller = "Account", page = "", area = ""}. Executing controller action with signature System.Threading.Tasks.Task`1[Microsoft.AspNetCore.Mvc.IActionResult] Register(Gremlin.ViewModels.RegisterViewModel) on controller Gremlin.Controllers.AccountController (Gremlin).
2026-09-29 13:59:35.960 +02:00 [INF] Executed DbCommand (0ms) [Parameters=[@normalizedUserName='?' (Size = 19)], CommandType='"Text"', CommandTimeout='30']
SELECT "a"."Id", "a"."AccessFailedCount", "a"."ConcurrencyStamp", "a"."DisplayName", "a"."Email", "a"."EmailConfirmed", "a"."LockoutEnabled", "a"."LockoutEnd", "a"."NormalizedEmail", "a"."NormalizedUserName", "a"."PasswordHash", "a"."PhoneNumber", "a"."PhoneNumberConfirmed", "a"."SecurityStamp", "a"."TwoFactorEnabled", "a"."UserName"
FROM "AspNetUsers" AS "a"
WHERE "a"."NormalizedUserName" = @normalizedUserName
LIMIT 1
2026-09-29 13:59:35.979 +02:00 [INF] Executed DbCommand (4ms) [Parameters=[@p0='?' (Size = 36), @p1='?' (DbType = Int32), @p2='?' (Size = 36), @p3='?', @p4='?' (Size = 19), @p5='?' (DbType = Boolean), @p6='?' (DbType = Boolean), @p7='?' (DbType = DateTimeOffset), @p8='?' (Size = 19), @p9='?' (Size = 19), @p10='?' (Size = 84), @p11='?', @p12='?' (DbType = Boolean), @p13='?' (Size = 32), @p14='?' (DbType = Boolean), @p15='?' (Size = 19)], CommandType='"Text"', CommandTimeout='30']
INSERT INTO "AspNetUsers" ("Id", "AccessFailedCount", "ConcurrencyStamp", "DisplayName", "Email", "EmailConfirmed", "LockoutEnabled", "LockoutEnd", "NormalizedEmail", "NormalizedUserName", "PasswordHash", "PhoneNumber", "PhoneNumberConfirmed", "SecurityStamp", "TwoFactorEnabled", "UserName")
VALUES (@p0, @p1, @p2, @p3, @p4, @p5, @p6, @p7, @p8, @p9, @p10, @p11, @p12, @p13, @p14, @p15);
2026-09-29 13:59:35.992 +02:00 [INF] Executed DbCommand (0ms) [Parameters=[@user_Id='?' (Size = 36)], CommandType='"Text"', CommandTimeout='30']
SELECT "a"."Id", "a"."ClaimType", "a"."ClaimValue", "a"."UserId"
FROM "AspNetUserClaims" AS "a"
WHERE "a"."UserId" = @user_Id
2026-09-29 13:59:35.995 +02:00 [INF] AuthenticationScheme: Identity.Application signed in.
2026-09-29 13:59:35.996 +02:00 [INF] Executing RedirectResult, redirecting to /.
2026-09-29 13:59:35.997 +02:00 [INF] Executed action Gremlin.Controllers.AccountController.Register (Gremlin) in 106.6954ms
2026-09-29 13:59:35.998 +02:00 [INF] Executed endpoint 'Gremlin.Controllers.AccountController.Register (Gremlin)'
2026-09-29 13:59:35.999 +02:00 [INF] Request finished HTTP/1.1 POST http://localhost:5172/Account/Register - 302 0 null 123.1819ms
2026-09-29 13:59:36.001 +02:00 [INF] Request starting HTTP/1.1 GET http://localhost:5172/ - null null
2026-09-29 13:59:36.005 +02:00 [INF] Executing endpoint 'Gremlin.Controllers.HomeController.Index (Gremlin)'
2026-09-29 13:59:36.006 +02:00 [INF] Route matched with {action = "Index", controller = "Home", page = "", area = ""}. Executing controller action with signature Microsoft.AspNetCore.Mvc.IActionResult Index() on controller Gremlin.Controllers.HomeController (Gremlin).
2026-09-29 13:59:36.007 +02:00 [INF] Executing ViewResult, running view Index.
2026-09-29 13:59:36.011 +02:00 [INF] Executed ViewResult - view Index executed in 3.6551ms.
2026-09-29 13:59:36.012 +02:00 [INF] Executed action Gremlin.Controllers.HomeController.Index (Gremlin) in 5.3952ms
2026-09-29 13:59:36.014 +02:00 [INF] Executed endpoint 'Gremlin.Controllers.HomeController.Index (Gremlin)'
2026-09-29 13:59:36.015 +02:00 [INF] Request finished HTTP/1.1 GET http://localhost:5172/ - 200 null text/html; charset=utf-8 13.9341ms
2026-09-29 13:59:42.805 +02:00 [INF] Request starting HTTP/1.1 POST http://localhost:5172/Account/Logout - application/x-www-form-urlencoded 225
2026-09-29 13:59:42.810 +02:00 [INF] Executing endpoint 'Gremlin.Controllers.AccountController.Logout (Gremlin)'
2026-09-29 13:59:42.815 +02:00 [INF] Route matched with {action = "Logout", controller = "Account", page = "", area = ""}. Executing controller action with signature System.Threading.Tasks.Task`1[Microsoft.AspNetCore.Mvc.IActionResult] Logout() on controller Gremlin.Controllers.AccountController (Gremlin).
2026-09-29 13:59:42.817 +02:00 [INF] User logged out.
2026-09-29 13:59:42.817 +02:00 [INF] AuthenticationScheme: Identity.Application signed out.
2026-09-29 13:59:42.819 +02:00 [INF] AuthenticationScheme: Identity.External signed out.
2026-09-29 13:59:42.819 +02:00 [INF] AuthenticationScheme: Identity.TwoFactorUserId signed out.
2026-09-29 13:59:42.820 +02:00 [INF] Executing RedirectResult, redirecting to /.
2026-09-29 13:59:42.820 +02:00 [INF] Executed action Gremlin.Controllers.AccountController.Logout (Gremlin) in 4.3836ms
2026-09-29 13:59:42.821 +02:00 [INF] Executed endpoint 'Gremlin.Controllers.AccountController.Logout (Gremlin)'
2026-09-29 13:59:42.822 +02:00 [INF] Request finished HTTP/1.1 POST http://localhost:5172/Account/Logout - 302 0 null 17.117ms
2026-09-29 13:59:42.825 +02:00 [INF] Request starting HTTP/1.1 GET http://localhost:5172/ - null null
2026-09-29 13:59:42.830 +02:00 [INF] Executing endpoint 'Gremlin.Controllers.HomeController.Index (Gremlin)'
2026-09-29 13:59:42.832 +02:00 [INF] Route matched with {action = "Index", controller = "Home", page = "", area = ""}. Executing controller action with signature Microsoft.AspNetCore.Mvc.IActionResult Index() on controller Gremlin.Controllers.HomeController (Gremlin).
2026-09-29 13:59:42.834 +02:00 [INF] Executing ViewResult, running view Index.
2026-09-29 13:59:42.836 +02:00 [INF] Executed ViewResult - view Index executed in 2.289ms.
2026-09-29 13:59:42.838 +02:00 [INF] Executed action Gremlin.Controllers.HomeController.Index (Gremlin) in 4.094ms
2026-09-29 13:59:42.839 +02:00 [INF] Executed endpoint 'Gremlin.Controllers.HomeController.Index (Gremlin)'
2026-09-29 13:59:42.840 +02:00 [INF] Request finished HTTP/1.1 GET http://localhost:5172/ - 200 null text/html; charset=utf-8 15.145ms
2026-09-29 13:59:45.386 +02:00 [INF] Request starting HTTP/1.1 GET http://localhost:5172/Account/Login - null null
2026-09-29 13:59:45.389 +02:00 [INF] Executing endpoint 'Gremlin.Controllers.AccountController.Login (Gremlin)'
2026-09-29 13:59:45.389 +02:00 [INF] Route matched with {action = "Login", controller = "Account", page = "", area = ""}. Executing controller action with signature Microsoft.AspNetCore.Mvc.IActionResult Login(System.String) on controller Gremlin.Controllers.AccountController (Gremlin).
2026-09-29 13:59:45.392 +02:00 [INF] Executing ViewResult, running view Login.
2026-09-29 13:59:45.394 +02:00 [INF] Executed ViewResult - view Login executed in 1.9015ms.
2026-09-29 13:59:45.395 +02:00 [INF] Executed action Gremlin.Controllers.AccountController.Login (Gremlin) in 3.8195ms
2026-09-29 13:59:45.397 +02:00 [INF] Executed endpoint 'Gremlin.Controllers.AccountController.Login (Gremlin)'
2026-09-29 13:59:45.399 +02:00 [INF] Request finished HTTP/1.1 GET http://localhost:5172/Account/Login - 200 null text/html; charset=utf-8 13.0567ms
2026-09-29 13:59:54.816 +02:00 [INF] Request starting HTTP/1.1 POST http://localhost:5172/Account/Login - application/x-www-form-urlencoded 256
2026-09-29 13:59:54.818 +02:00 [INF] Executing endpoint 'Gremlin.Controllers.AccountController.Login (Gremlin)'
2026-09-29 13:59:54.819 +02:00 [INF] Route matched with {action = "Login", controller = "Account", page = "", area = ""}. Executing controller action with signature System.Threading.Tasks.Task`1[Microsoft.AspNetCore.Mvc.IActionResult] Login(Gremlin.ViewModels.LoginViewModel) on controller Gremlin.Controllers.AccountController (Gremlin).
2026-09-29 13:59:54.821 +02:00 [INF] Executed DbCommand (0ms) [Parameters=[@normalizedUserName='?' (Size = 19)], CommandType='"Text"', CommandTimeout='30']
SELECT "a"."Id", "a"."AccessFailedCount", "a"."ConcurrencyStamp", "a"."DisplayName", "a"."Email", "a"."EmailConfirmed", "a"."LockoutEnabled", "a"."LockoutEnd", "a"."NormalizedEmail", "a"."NormalizedUserName", "a"."PasswordHash", "a"."PhoneNumber", "a"."PhoneNumberConfirmed", "a"."SecurityStamp", "a"."TwoFactorEnabled", "a"."UserName"
FROM "AspNetUsers" AS "a"
WHERE "a"."NormalizedUserName" = @normalizedUserName
LIMIT 1
2026-09-29 13:59:54.895 +02:00 [INF] Executed DbCommand (0ms) [Parameters=[@user_Id='?' (Size = 36)], CommandType='"Text"', CommandTimeout='30']
SELECT "a"."Id", "a"."ClaimType", "a"."ClaimValue", "a"."UserId"
FROM "AspNetUserClaims" AS "a"
WHERE "a"."UserId" = @user_Id
2026-09-29 13:59:54.897 +02:00 [INF] AuthenticationScheme: Identity.Application signed in.
2026-09-29 13:59:54.899 +02:00 [INF] Executing RedirectResult, redirecting to /.
2026-09-29 13:59:54.899 +02:00 [INF] Executed action Gremlin.Controllers.AccountController.Login (Gremlin) in 79.2837ms
2026-09-29 13:59:54.900 +02:00 [INF] Executed endpoint 'Gremlin.Controllers.AccountController.Login (Gremlin)'
2026-09-29 13:59:54.901 +02:00 [INF] Request finished HTTP/1.1 POST http://localhost:5172/Account/Login - 302 0 null 85.1026ms
2026-09-29 13:59:54.904 +02:00 [INF] Request starting HTTP/1.1 GET http://localhost:5172/ - null null
2026-09-29 13:59:54.906 +02:00 [INF] Executing endpoint 'Gremlin.Controllers.HomeController.Index (Gremlin)'
2026-09-29 13:59:54.906 +02:00 [INF] Route matched with {action = "Index", controller = "Home", page = "", area = ""}. Executing controller action with signature Microsoft.AspNetCore.Mvc.IActionResult Index() on controller Gremlin.Controllers.HomeController (Gremlin).
2026-09-29 13:59:54.907 +02:00 [INF] Executing ViewResult, running view Index.
2026-09-29 13:59:54.909 +02:00 [INF] Executed ViewResult - view Index executed in 1.1561ms.
2026-09-29 13:59:54.910 +02:00 [INF] Executed action Gremlin.Controllers.HomeController.Index (Gremlin) in 2.1907ms
2026-09-29 13:59:54.911 +02:00 [INF] Executed endpoint 'Gremlin.Controllers.HomeController.Index (Gremlin)'
2026-09-29 13:59:54.912 +02:00 [INF] Request finished HTTP/1.1 GET http://localhost:5172/ - 200 null text/html; charset=utf-8 8.0816ms
2026-09-29 14:03:48.096 +02:00 [INF] Request starting HTTP/1.1 GET http://localhost:5172/quizzes/all - null null
2026-09-29 14:03:48.099 +02:00 [INF] Executing endpoint 'Gremlin.Controllers.QuizController.Table (Gremlin)'
2026-09-29 14:03:48.100 +02:00 [INF] Route matched with {action = "Table", controller = "Quiz", page = "", area = ""}. Executing controller action with signature Microsoft.AspNetCore.Mvc.IActionResult Table() on controller Gremlin.Controllers.QuizController (Gremlin).
2026-09-29 14:03:48.103 +02:00 [INF] Executed DbCommand (1ms) [Parameters=[], CommandType='"Text"', CommandTimeout='30']
SELECT "q"."id", "q"."title", "q"."user_id", "a"."Id", "a"."AccessFailedCount", "a"."ConcurrencyStamp", "a"."DisplayName", "a"."Email", "a"."EmailConfirmed", "a"."LockoutEnabled", "a"."LockoutEnd", "a"."NormalizedEmail", "a"."NormalizedUserName", "a"."PasswordHash", "a"."PhoneNumber", "a"."PhoneNumberConfirmed", "a"."SecurityStamp", "a"."TwoFactorEnabled", "a"."UserName", "q0"."id", "q0"."content", "q0"."quiz_id", "q0"."title", "q0"."type_id"
FROM "Quizzes" AS "q"
LEFT JOIN "AspNetUsers" AS "a" ON "q"."user_id" = "a"."Id"
LEFT JOIN "Questions" AS "q0" ON "q"."id" = "q0"."quiz_id"
ORDER BY "q"."id", "a"."Id"
2026-09-29 14:03:48.106 +02:00 [INF] Executing ViewResult, running view Table.
2026-09-29 14:03:48.109 +02:00 [INF] Executed ViewResult - view Table executed in 2.9997ms.
2026-09-29 14:03:48.111 +02:00 [INF] Executed action Gremlin.Controllers.QuizController.Table (Gremlin) in 9.4114ms
2026-09-29 14:03:48.111 +02:00 [INF] Executed endpoint 'Gremlin.Controllers.QuizController.Table (Gremlin)'
2026-09-29 14:03:48.113 +02:00 [INF] Request finished HTTP/1.1 GET http://localhost:5172/quizzes/all - 200 null text/html; charset=utf-8 16.6181ms
2026-09-29 14:03:54.709 +02:00 [INF] Request starting HTTP/1.1 GET http://localhost:5172/quizzes/2 - null null
2026-09-29 14:03:54.712 +02:00 [INF] Executing endpoint 'Gremlin.Controllers.QuizController.Details (Gremlin)'
2026-09-29 14:03:54.714 +02:00 [INF] Route matched with {action = "Details", controller = "Quiz", page = "", area = ""}. Executing controller action with signature Microsoft.AspNetCore.Mvc.IActionResult Details(Int32) on controller Gremlin.Controllers.QuizController (Gremlin).
2026-09-29 14:03:54.742 +02:00 [INF] Executed DbCommand (0ms) [Parameters=[@id='?' (DbType = Int32)], CommandType='"Text"', CommandTimeout='30']
SELECT "s"."id", "s"."title", "s"."user_id", "s"."Id0", "s"."AccessFailedCount", "s"."ConcurrencyStamp", "s"."DisplayName", "s"."Email", "s"."EmailConfirmed", "s"."LockoutEnabled", "s"."LockoutEnd", "s"."NormalizedEmail", "s"."NormalizedUserName", "s"."PasswordHash", "s"."PhoneNumber", "s"."PhoneNumberConfirmed", "s"."SecurityStamp", "s"."TwoFactorEnabled", "s"."UserName", "q0"."id", "q0"."content", "q0"."quiz_id", "q0"."title", "q0"."type_id"
FROM (
    SELECT "q"."id", "q"."title", "q"."user_id", "a"."Id" AS "Id0", "a"."AccessFailedCount", "a"."ConcurrencyStamp", "a"."DisplayName", "a"."Email", "a"."EmailConfirmed", "a"."LockoutEnabled", "a"."LockoutEnd", "a"."NormalizedEmail", "a"."NormalizedUserName", "a"."PasswordHash", "a"."PhoneNumber", "a"."PhoneNumberConfirmed", "a"."SecurityStamp", "a"."TwoFactorEnabled", "a"."UserName"
    FROM "Quizzes" AS "q"
    LEFT JOIN "AspNetUsers" AS "a" ON "q"."user_id" = "a"."Id"
    WHERE "q"."id" = @id
    LIMIT 1
) AS "s"
LEFT JOIN "Questions" AS "q0" ON "s"."id" = "q0"."quiz_id"
ORDER BY "s"."id", "s"."Id0"
2026-09-29 14:03:54.745 +02:00 [INF] Executing ViewResult, running view Details.
2026-09-29 14:03:54.746 +02:00 [ERR] The view 'Details' was not found. Searched locations: ["/Views/Quiz/Details.cshtml","/Views/Shared/Details.cshtml","/Pages/Shared/Details.cshtml"]
2026-09-29 14:03:54.750 +02:00 [INF] Executed action Gremlin.Controllers.QuizController.Details (Gremlin) in 34.5122ms
2026-09-29 14:03:54.751 +02:00 [INF] Executed endpoint 'Gremlin.Controllers.QuizController.Details (Gremlin)'
2026-09-29 14:03:54.752 +02:00 [ERR] An unhandled exception has occurred while executing the request.
System.InvalidOperationException: The view 'Details' was not found. The following locations were searched:
/Views/Quiz/Details.cshtml
/Views/Shared/Details.cshtml
/Pages/Shared/Details.cshtml
   at Microsoft.AspNetCore.Mvc.ViewEngines.ViewEngineResult.EnsureSuccessful(IEnumerable`1 originalLocations)
   at Microsoft.AspNetCore.Mvc.ViewFeatures.ViewResultExecutor.ExecuteAsync(ActionContext context, ViewResult result)
   at Microsoft.AspNetCore.Mvc.ViewResult.ExecuteResultAsync(ActionContext context)
   at Microsoft.AspNetCore.Mvc.Infrastructure.ResourceInvoker.<InvokeNextResultFilterAsync>g__Awaited|30_0[TFilter,TFilterAsync](ResourceInvoker invoker, Task lastTask, State next, Scope scope, Object state, Boolean isCompleted)
   at Microsoft.AspNetCore.Mvc.Infrastructure.ResourceInvoker.Rethrow(ResultExecutedContextSealed context)
   at Microsoft.AspNetCore.Mvc.Infrastructure.ResourceInvoker.ResultNext[TFilter,TFilterAsync](State& next, Scope& scope, Object& state, Boolean& isCompleted)
   at Microsoft.AspNetCore.Mvc.Infrastructure.ResourceInvoker.InvokeResultFilters()
--- End of stack trace from previous location ---
   at Microsoft.AspNetCore.Mvc.Infrastructure.ResourceInvoker.<InvokeNextResourceFilter>g__Awaited|25_0(ResourceInvoker invoker, Task lastTask, State next, Scope scope, Object state, Boolean isCompleted)
   at Microsoft.AspNetCore.Mvc.Infrastructure.ResourceInvoker.Rethrow(ResourceExecutedContextSealed context)
   at Microsoft.AspNetCore.Mvc.Infrastructure.ResourceInvoker.Next(State& next, Scope& scope, Object& state, Boolean& isCompleted)
   at Microsoft.AspNetCore.Mvc.Infrastructure.ResourceInvoker.InvokeFilterPipelineAsync()
--- End of stack trace from previous location ---
   at Microsoft.AspNetCore.Mvc.Infrastructure.ResourceInvoker.<InvokeAsync>g__Logged|17_1(ResourceInvoker invoker)
   at Microsoft.AspNetCore.Mvc.Infrastructure.ResourceInvoker.<InvokeAsync>g__Logged|17_1(ResourceInvoker invoker)
   at Microsoft.AspNetCore.Routing.EndpointMiddleware.<Invoke>g__AwaitRequestTask|7_0(Endpoint endpoint, Task requestTask, ILogger logger)
   at Microsoft.AspNetCore.Session.SessionMiddleware.Invoke(HttpContext context)
   at Microsoft.AspNetCore.Session.SessionMiddleware.Invoke(HttpContext context)
   at Microsoft.AspNetCore.Authorization.AuthorizationMiddleware.Invoke(HttpContext context)
   at Microsoft.AspNetCore.Authentication.AuthenticationMiddleware.Invoke(HttpContext context)
   at Microsoft.AspNetCore.Diagnostics.DeveloperExceptionPageMiddlewareImpl.Invoke(HttpContext context)
2026-09-29 14:03:54.801 +02:00 [INF] Request finished HTTP/1.1 GET http://localhost:5172/quizzes/2 - 500 null text/html; charset=utf-8 92.1521ms
2026-09-29 14:04:45.459 +02:00 [INF] Request starting HTTP/1.1 GET http://localhost:5172/User/2 - null null
2026-09-29 14:04:45.462 +02:00 [INF] Executing endpoint 'Gremlin.Controllers.UserController.Details (Gremlin)'
2026-09-29 14:04:45.468 +02:00 [INF] Route matched with {action = "Details", controller = "User", page = "", area = ""}. Executing controller action with signature System.Threading.Tasks.Task`1[Microsoft.AspNetCore.Mvc.IActionResult] Details(System.String) on controller Gremlin.Controllers.UserController (Gremlin).
2026-09-29 14:04:45.479 +02:00 [INF] Executed DbCommand (0ms) [Parameters=[@id='?' (Size = 1)], CommandType='"Text"', CommandTimeout='30']
SELECT "a"."Id", "a"."AccessFailedCount", "a"."ConcurrencyStamp", "a"."DisplayName", "a"."Email", "a"."EmailConfirmed", "a"."LockoutEnabled", "a"."LockoutEnd", "a"."NormalizedEmail", "a"."NormalizedUserName", "a"."PasswordHash", "a"."PhoneNumber", "a"."PhoneNumberConfirmed", "a"."SecurityStamp", "a"."TwoFactorEnabled", "a"."UserName"
FROM "AspNetUsers" AS "a"
WHERE "a"."Id" = @id
LIMIT 1
2026-09-29 14:04:45.483 +02:00 [INF] Executing StatusCodeResult, setting HTTP status code 404
2026-09-29 14:04:45.485 +02:00 [INF] Executed action Gremlin.Controllers.UserController.Details (Gremlin) in 14.4764ms
2026-09-29 14:04:45.486 +02:00 [INF] Executed endpoint 'Gremlin.Controllers.UserController.Details (Gremlin)'
2026-09-29 14:04:45.487 +02:00 [INF] Request finished HTTP/1.1 GET http://localhost:5172/User/2 - 404 0 null 28.3236ms
2026-09-29 14:04:58.099 +02:00 [INF] Request starting HTTP/1.1 GET http://localhost:5172/User/2 - null null
2026-09-29 14:04:58.102 +02:00 [INF] Executing endpoint 'Gremlin.Controllers.UserController.Details (Gremlin)'
2026-09-29 14:04:58.103 +02:00 [INF] Route matched with {action = "Details", controller = "User", page = "", area = ""}. Executing controller action with signature System.Threading.Tasks.Task`1[Microsoft.AspNetCore.Mvc.IActionResult] Details(System.String) on controller Gremlin.Controllers.UserController (Gremlin).
2026-09-29 14:04:58.106 +02:00 [INF] Executed DbCommand (0ms) [Parameters=[@id='?' (Size = 1)], CommandType='"Text"', CommandTimeout='30']
SELECT "a"."Id", "a"."AccessFailedCount", "a"."ConcurrencyStamp", "a"."DisplayName", "a"."Email", "a"."EmailConfirmed", "a"."LockoutEnabled", "a"."LockoutEnd", "a"."NormalizedEmail", "a"."NormalizedUserName", "a"."PasswordHash", "a"."PhoneNumber", "a"."PhoneNumberConfirmed", "a"."SecurityStamp", "a"."TwoFactorEnabled", "a"."UserName"
FROM "AspNetUsers" AS "a"
WHERE "a"."Id" = @id
LIMIT 1
2026-09-29 14:04:58.107 +02:00 [INF] Executing StatusCodeResult, setting HTTP status code 404
2026-09-29 14:04:58.108 +02:00 [INF] Executed action Gremlin.Controllers.UserController.Details (Gremlin) in 3.1459ms
2026-09-29 14:04:58.109 +02:00 [INF] Executed endpoint 'Gremlin.Controllers.UserController.Details (Gremlin)'
2026-09-29 14:04:58.110 +02:00 [INF] Request finished HTTP/1.1 GET http://localhost:5172/User/2 - 404 0 null 10.9172ms
2026-09-29 14:05:12.552 +02:00 [INF] Request starting HTTP/1.1 GET http://localhost:5172/User/2 - null null
2026-09-29 14:05:12.555 +02:00 [INF] Executing endpoint 'Gremlin.Controllers.UserController.Details (Gremlin)'
2026-09-29 14:05:12.556 +02:00 [INF] Route matched with {action = "Details", controller = "User", page = "", area = ""}. Executing controller action with signature System.Threading.Tasks.Task`1[Microsoft.AspNetCore.Mvc.IActionResult] Details(System.String) on controller Gremlin.Controllers.UserController (Gremlin).
2026-09-29 14:05:12.558 +02:00 [INF] Executed DbCommand (0ms) [Parameters=[@id='?' (Size = 1)], CommandType='"Text"', CommandTimeout='30']
SELECT "a"."Id", "a"."AccessFailedCount", "a"."ConcurrencyStamp", "a"."DisplayName", "a"."Email", "a"."EmailConfirmed", "a"."LockoutEnabled", "a"."LockoutEnd", "a"."NormalizedEmail", "a"."NormalizedUserName", "a"."PasswordHash", "a"."PhoneNumber", "a"."PhoneNumberConfirmed", "a"."SecurityStamp", "a"."TwoFactorEnabled", "a"."UserName"
FROM "AspNetUsers" AS "a"
WHERE "a"."Id" = @id
LIMIT 1
2026-09-29 14:05:12.560 +02:00 [INF] Executing StatusCodeResult, setting HTTP status code 404
2026-09-29 14:05:12.561 +02:00 [INF] Executed action Gremlin.Controllers.UserController.Details (Gremlin) in 3.4122ms
2026-09-29 14:05:12.561 +02:00 [INF] Executed endpoint 'Gremlin.Controllers.UserController.Details (Gremlin)'
2026-09-29 14:05:12.562 +02:00 [INF] Request finished HTTP/1.1 GET http://localhost:5172/User/2 - 404 0 null 9.8664ms
2026-09-29 14:05:29.689 +02:00 [INF] Request starting HTTP/1.1 GET http://localhost:5172/user/2 - null null
2026-09-29 14:05:29.692 +02:00 [INF] Executing endpoint 'Gremlin.Controllers.UserController.Details (Gremlin)'
2026-09-29 14:05:29.693 +02:00 [INF] Route matched with {action = "Details", controller = "User", page = "", area = ""}. Executing controller action with signature System.Threading.Tasks.Task`1[Microsoft.AspNetCore.Mvc.IActionResult] Details(System.String) on controller Gremlin.Controllers.UserController (Gremlin).
2026-09-29 14:05:29.697 +02:00 [INF] Executed DbCommand (0ms) [Parameters=[@id='?' (Size = 1)], CommandType='"Text"', CommandTimeout='30']
SELECT "a"."Id", "a"."AccessFailedCount", "a"."ConcurrencyStamp", "a"."DisplayName", "a"."Email", "a"."EmailConfirmed", "a"."LockoutEnabled", "a"."LockoutEnd", "a"."NormalizedEmail", "a"."NormalizedUserName", "a"."PasswordHash", "a"."PhoneNumber", "a"."PhoneNumberConfirmed", "a"."SecurityStamp", "a"."TwoFactorEnabled", "a"."UserName"
FROM "AspNetUsers" AS "a"
WHERE "a"."Id" = @id
LIMIT 1
2026-09-29 14:05:29.699 +02:00 [INF] Executing StatusCodeResult, setting HTTP status code 404
2026-09-29 14:05:29.700 +02:00 [INF] Executed action Gremlin.Controllers.UserController.Details (Gremlin) in 4.3131ms
2026-09-29 14:05:29.701 +02:00 [INF] Executed endpoint 'Gremlin.Controllers.UserController.Details (Gremlin)'
2026-09-29 14:05:29.702 +02:00 [INF] Request finished HTTP/1.1 GET http://localhost:5172/user/2 - 404 0 null 12.8651ms
2026-09-29 14:08:26.451 +02:00 [INF] Request starting HTTP/1.1 GET http://localhost:5172/user/80a868da-bf03-4620-aec9-b3fabe626316 - null null
2026-09-29 14:08:26.454 +02:00 [INF] Executing endpoint 'Gremlin.Controllers.UserController.Details (Gremlin)'
2026-09-29 14:08:26.455 +02:00 [INF] Route matched with {action = "Details", controller = "User", page = "", area = ""}. Executing controller action with signature System.Threading.Tasks.Task`1[Microsoft.AspNetCore.Mvc.IActionResult] Details(System.String) on controller Gremlin.Controllers.UserController (Gremlin).
2026-09-29 14:08:26.457 +02:00 [INF] Executed DbCommand (0ms) [Parameters=[@id='?' (Size = 36)], CommandType='"Text"', CommandTimeout='30']
SELECT "a"."Id", "a"."AccessFailedCount", "a"."ConcurrencyStamp", "a"."DisplayName", "a"."Email", "a"."EmailConfirmed", "a"."LockoutEnabled", "a"."LockoutEnd", "a"."NormalizedEmail", "a"."NormalizedUserName", "a"."PasswordHash", "a"."PhoneNumber", "a"."PhoneNumberConfirmed", "a"."SecurityStamp", "a"."TwoFactorEnabled", "a"."UserName"
FROM "AspNetUsers" AS "a"
WHERE "a"."Id" = @id
LIMIT 1
2026-09-29 14:08:26.473 +02:00 [INF] Executed DbCommand (0ms) [Parameters=[@id='?' (Size = 36)], CommandType='"Text"', CommandTimeout='30']
SELECT "q"."id", "q"."title", "q"."user_id", "q0"."id", "q0"."content", "q0"."quiz_id", "q0"."title", "q0"."type_id"
FROM "Quizzes" AS "q"
LEFT JOIN "Questions" AS "q0" ON "q"."id" = "q0"."quiz_id"
WHERE "q"."user_id" = @id
ORDER BY "q"."id"
2026-09-29 14:08:26.491 +02:00 [INF] Executed DbCommand (0ms) [Parameters=[@id='?' (Size = 36)], CommandType='"Text"', CommandTimeout='30']
SELECT "h"."id", "h"."completed_at", "h"."quiz_id", "h"."score", "h"."user_id", "q"."id", "q"."title", "q"."user_id"
FROM "Histories" AS "h"
LEFT JOIN "Quizzes" AS "q" ON "h"."quiz_id" = "q"."id"
WHERE "h"."user_id" = @id
ORDER BY "h"."completed_at" DESC
2026-09-29 14:08:26.494 +02:00 [INF] Executing ViewResult, running view Details.
2026-09-29 14:08:26.504 +02:00 [INF] Executed ViewResult - view Details executed in 10.8527ms.
2026-09-29 14:08:26.506 +02:00 [INF] Executed action Gremlin.Controllers.UserController.Details (Gremlin) in 49.4957ms
2026-09-29 14:08:26.507 +02:00 [INF] Executed endpoint 'Gremlin.Controllers.UserController.Details (Gremlin)'
2026-09-29 14:08:26.507 +02:00 [INF] Request finished HTTP/1.1 GET http://localhost:5172/user/80a868da-bf03-4620-aec9-b3fabe626316 - 200 null text/html; charset=utf-8 56.5492ms
2026-09-29 14:08:55.549 +02:00 [INF] Request starting HTTP/1.1 GET http://localhost:5172/user/56cf3c60-8ea0-4616-8e58-bf49f92f6c16 - null null
2026-09-29 14:08:55.552 +02:00 [INF] Executing endpoint 'Gremlin.Controllers.UserController.Details (Gremlin)'
2026-09-29 14:08:55.553 +02:00 [INF] Route matched with {action = "Details", controller = "User", page = "", area = ""}. Executing controller action with signature System.Threading.Tasks.Task`1[Microsoft.AspNetCore.Mvc.IActionResult] Details(System.String) on controller Gremlin.Controllers.UserController (Gremlin).
2026-09-29 14:08:55.555 +02:00 [INF] Executed DbCommand (0ms) [Parameters=[@id='?' (Size = 36)], CommandType='"Text"', CommandTimeout='30']
SELECT "a"."Id", "a"."AccessFailedCount", "a"."ConcurrencyStamp", "a"."DisplayName", "a"."Email", "a"."EmailConfirmed", "a"."LockoutEnabled", "a"."LockoutEnd", "a"."NormalizedEmail", "a"."NormalizedUserName", "a"."PasswordHash", "a"."PhoneNumber", "a"."PhoneNumberConfirmed", "a"."SecurityStamp", "a"."TwoFactorEnabled", "a"."UserName"
FROM "AspNetUsers" AS "a"
WHERE "a"."Id" = @id
LIMIT 1
2026-09-29 14:08:55.558 +02:00 [INF] Executed DbCommand (0ms) [Parameters=[@id='?' (Size = 36)], CommandType='"Text"', CommandTimeout='30']
SELECT "q"."id", "q"."title", "q"."user_id", "q0"."id", "q0"."content", "q0"."quiz_id", "q0"."title", "q0"."type_id"
FROM "Quizzes" AS "q"
LEFT JOIN "Questions" AS "q0" ON "q"."id" = "q0"."quiz_id"
WHERE "q"."user_id" = @id
ORDER BY "q"."id"
2026-09-29 14:08:55.559 +02:00 [INF] Executed DbCommand (0ms) [Parameters=[@id='?' (Size = 36)], CommandType='"Text"', CommandTimeout='30']
SELECT "h"."id", "h"."completed_at", "h"."quiz_id", "h"."score", "h"."user_id", "q"."id", "q"."title", "q"."user_id"
FROM "Histories" AS "h"
LEFT JOIN "Quizzes" AS "q" ON "h"."quiz_id" = "q"."id"
WHERE "h"."user_id" = @id
ORDER BY "h"."completed_at" DESC
2026-09-29 14:08:55.561 +02:00 [INF] Executing ViewResult, running view Details.
2026-09-29 14:08:55.563 +02:00 [INF] Executed ViewResult - view Details executed in 1.8603ms.
2026-09-29 14:08:55.564 +02:00 [INF] Executed action Gremlin.Controllers.UserController.Details (Gremlin) in 9.7896ms
2026-09-29 14:08:55.565 +02:00 [INF] Executed endpoint 'Gremlin.Controllers.UserController.Details (Gremlin)'
2026-09-29 14:08:55.566 +02:00 [INF] Request finished HTTP/1.1 GET http://localhost:5172/user/56cf3c60-8ea0-4616-8e58-bf49f92f6c16 - 200 null text/html; charset=utf-8 17.0185ms
2026-09-29 14:10:47.988 +02:00 [INF] Request starting HTTP/1.1 GET http://localhost:5172/Quiz/create - null null
2026-09-29 14:10:47.991 +02:00 [INF] Executing endpoint 'Gremlin.Controllers.QuizController.Create (Gremlin)'
2026-09-29 14:10:47.994 +02:00 [INF] Route matched with {action = "Create", controller = "Quiz", page = "", area = ""}. Executing controller action with signature Microsoft.AspNetCore.Mvc.IActionResult Create() on controller Gremlin.Controllers.QuizController (Gremlin).
2026-09-29 14:10:47.996 +02:00 [INF] Executing ViewResult, running view Create.
2026-09-29 14:10:48.009 +02:00 [INF] Executed ViewResult - view Create executed in 14.0105ms.
2026-09-29 14:10:48.011 +02:00 [INF] Executed action Gremlin.Controllers.QuizController.Create (Gremlin) in 15.9572ms
2026-09-29 14:10:48.013 +02:00 [INF] Executed endpoint 'Gremlin.Controllers.QuizController.Create (Gremlin)'
2026-09-29 14:10:48.014 +02:00 [INF] Request finished HTTP/1.1 GET http://localhost:5172/Quiz/create - 200 null text/html; charset=utf-8 25.4966ms
2026-09-29 14:11:00.275 +02:00 [INF] Request starting HTTP/1.1 POST http://localhost:5172/Quiz/Create - application/x-www-form-urlencoded 235
2026-09-29 14:11:00.277 +02:00 [INF] Executing endpoint 'Gremlin.Controllers.QuizController.Create (Gremlin)'
2026-09-29 14:11:00.284 +02:00 [INF] Route matched with {action = "Create", controller = "Quiz", page = "", area = ""}. Executing controller action with signature Microsoft.AspNetCore.Mvc.IActionResult Create(Gremlin.Models.Quiz) on controller Gremlin.Controllers.QuizController (Gremlin).
2026-09-29 14:11:00.293 +02:00 [INF] Executed DbCommand (0ms) [Parameters=[@p0='?' (Size = 3), @p1='?'], CommandType='"Text"', CommandTimeout='30']
INSERT INTO "Quizzes" ("title", "user_id")
VALUES (@p0, @p1)
RETURNING "id";
2026-09-29 14:11:00.299 +02:00 [INF] Executing RedirectResult, redirecting to /quizzes/all.
2026-09-29 14:11:00.301 +02:00 [INF] Executed action Gremlin.Controllers.QuizController.Create (Gremlin) in 15.7367ms
2026-09-29 14:11:00.302 +02:00 [INF] Executed endpoint 'Gremlin.Controllers.QuizController.Create (Gremlin)'
2026-09-29 14:11:00.303 +02:00 [INF] Request finished HTTP/1.1 POST http://localhost:5172/Quiz/Create - 302 0 null 28.9072ms
2026-09-29 14:11:00.307 +02:00 [INF] Request starting HTTP/1.1 GET http://localhost:5172/quizzes/all - null null
2026-09-29 14:11:00.310 +02:00 [INF] Executing endpoint 'Gremlin.Controllers.QuizController.Table (Gremlin)'
2026-09-29 14:11:00.311 +02:00 [INF] Route matched with {action = "Table", controller = "Quiz", page = "", area = ""}. Executing controller action with signature Microsoft.AspNetCore.Mvc.IActionResult Table() on controller Gremlin.Controllers.QuizController (Gremlin).
2026-09-29 14:11:00.314 +02:00 [INF] Executed DbCommand (0ms) [Parameters=[], CommandType='"Text"', CommandTimeout='30']
SELECT "q"."id", "q"."title", "q"."user_id", "a"."Id", "a"."AccessFailedCount", "a"."ConcurrencyStamp", "a"."DisplayName", "a"."Email", "a"."EmailConfirmed", "a"."LockoutEnabled", "a"."LockoutEnd", "a"."NormalizedEmail", "a"."NormalizedUserName", "a"."PasswordHash", "a"."PhoneNumber", "a"."PhoneNumberConfirmed", "a"."SecurityStamp", "a"."TwoFactorEnabled", "a"."UserName", "q0"."id", "q0"."content", "q0"."quiz_id", "q0"."title", "q0"."type_id"
FROM "Quizzes" AS "q"
LEFT JOIN "AspNetUsers" AS "a" ON "q"."user_id" = "a"."Id"
LEFT JOIN "Questions" AS "q0" ON "q"."id" = "q0"."quiz_id"
ORDER BY "q"."id", "a"."Id"
2026-09-29 14:11:00.316 +02:00 [INF] Executing ViewResult, running view Table.
2026-09-29 14:11:00.318 +02:00 [INF] Executed ViewResult - view Table executed in 1.6808ms.
2026-09-29 14:11:00.319 +02:00 [INF] Executed action Gremlin.Controllers.QuizController.Table (Gremlin) in 6.7189ms
2026-09-29 14:11:00.320 +02:00 [INF] Executed endpoint 'Gremlin.Controllers.QuizController.Table (Gremlin)'
2026-09-29 14:11:00.321 +02:00 [INF] Request finished HTTP/1.1 GET http://localhost:5172/quizzes/all - 200 null text/html; charset=utf-8 14.2519ms
2026-09-29 14:11:07.303 +02:00 [INF] Request starting HTTP/1.1 GET http://localhost:5172/Quiz/create - null null
2026-09-29 14:11:07.306 +02:00 [INF] Executing endpoint 'Gremlin.Controllers.QuizController.Create (Gremlin)'
2026-09-29 14:11:07.307 +02:00 [INF] Route matched with {action = "Create", controller = "Quiz", page = "", area = ""}. Executing controller action with signature Microsoft.AspNetCore.Mvc.IActionResult Create() on controller Gremlin.Controllers.QuizController (Gremlin).
2026-09-29 14:11:07.308 +02:00 [INF] Executing ViewResult, running view Create.
2026-09-29 14:11:07.310 +02:00 [INF] Executed ViewResult - view Create executed in 2.171ms.
2026-09-29 14:11:07.312 +02:00 [INF] Executed action Gremlin.Controllers.QuizController.Create (Gremlin) in 4.2707ms
2026-09-29 14:11:07.315 +02:00 [INF] Executed endpoint 'Gremlin.Controllers.QuizController.Create (Gremlin)'
2026-09-29 14:11:07.317 +02:00 [INF] Request finished HTTP/1.1 GET http://localhost:5172/Quiz/create - 200 null text/html; charset=utf-8 13.2022ms
2026-09-29 14:12:11.856 +02:00 [INF] Application is shutting down...
