2026-09-29 13:53:16.923 +02:00 [INF] Executed DbCommand (8ms) [Parameters=[], CommandType='"Text"', CommandTimeout='30']
PRAGMA journal_mode = 'wal';
2026-09-29 13:53:17.013 +02:00 [INF] Executed DbCommand (0ms) [Parameters=[], CommandType='"Text"', CommandTimeout='30']
CREATE TABLE "AspNetRoles" (
    "Id" TEXT NOT NULL CONSTRAINT "PK_AspNetRoles" PRIMARY KEY,
    "Name" TEXT NULL,
    "NormalizedName" TEXT NULL,
    "ConcurrencyStamp" TEXT NULL
);
2026-09-29 13:53:17.014 +02:00 [INF] Executed DbCommand (0ms) [Parameters=[], CommandType='"Text"', CommandTimeout='30']
CREATE TABLE "AspNetUsers" (
    "Id" TEXT NOT NULL CONSTRAINT "PK_AspNetUsers" PRIMARY KEY,
    "DisplayName" TEXT NOT NULL,
    "UserName" TEXT NULL,
    "NormalizedUserName" TEXT NULL,
    "Email" TEXT NULL,
    "NormalizedEmail" TEXT NULL,
    "EmailConfirmed" INTEGER NOT NULL,
    "PasswordHash" TEXT NULL,
    "SecurityStamp" TEXT NULL,
    "ConcurrencyStamp" TEXT NULL,
    "PhoneNumber" TEXT NULL,
    "PhoneNumberConfirmed" INTEGER NOT NULL,
    "TwoFactorEnabled" INTEGER NOT NULL,
    "LockoutEnd" TEXT NULL,
    "LockoutEnabled" INTEGER NOT NULL,
    "AccessFailedCount" INTEGER NOT NULL
);
2026-09-29 13:53:17.016 +02:00 [INF] Executed DbCommand (0ms) [Parameters=[], CommandType='"Text"', CommandTimeout='30']
CREATE TABLE "AspNetRoleClaims" (
    "Id" INTEGER NOT NULL CONSTRAINT "PK_AspNetRoleClaims" PRIMARY KEY AUTOINCREMENT,
    "RoleId" TEXT NOT NULL,
    "ClaimType" TEXT NULL,
    "ClaimValue" TEXT NULL,
    CONSTRAINT "FK_AspNetRoleClaims_AspNetRoles_RoleId" FOREIGN KEY ("RoleId") REFERENCES "AspNetRoles" ("Id") ON DELETE CASCADE
);
2026-09-29 13:53:17.017 +02:00 [INF] Executed DbCommand (0ms) [Parameters=[], CommandType='"Text"', CommandTimeout='30']
CREATE TABLE "AspNetUserClaims" (
    "Id" INTEGER NOT NULL CONSTRAINT "PK_AspNetUserClaims" PRIMARY KEY AUTOINCREMENT,
    "UserId" TEXT NOT NULL,
    "ClaimType" TEXT NULL,
    "ClaimValue" TEXT NULL,
    CONSTRAINT "FK_AspNetUserClaims_AspNetUsers_UserId" FOREIGN KEY ("UserId") REFERENCES "AspNetUsers" ("Id") ON DELETE CASCADE
);
2026-09-29 13:53:17.018 +02:00 [INF] Executed DbCommand (0ms) [Parameters=[], CommandType='"Text"', CommandTimeout='30']
CREATE TABLE "AspNetUserLogins" (
    "LoginProvider" TEXT NOT NULL,
    "ProviderKey" TEXT NOT NULL,
    "ProviderDisplayName" TEXT NULL,
    "UserId" TEXT NOT NULL,
    CONSTRAINT "PK_AspNetUserLogins" PRIMARY KEY ("LoginProvider", "ProviderKey"),
    CONSTRAINT "FK_AspNetUserLogins_AspNetUsers_UserId" FOREIGN KEY ("UserId") REFERENCES "AspNetUsers" ("Id") ON DELETE CASCADE
);
2026-09-29 13:53:17.019 +02:00 [INF] Executed DbCommand (0ms) [Parameters=[], CommandType='"Text"', CommandTimeout='30']
CREATE TABLE "AspNetUserRoles" (
    "UserId" TEXT NOT NULL,
    "RoleId" TEXT NOT NULL,
    CONSTRAINT "PK_AspNetUserRoles" PRIMARY KEY ("UserId", "RoleId"),
    CONSTRAINT "FK_AspNetUserRoles_AspNetRoles_RoleId" FOREIGN KEY ("RoleId") REFERENCES "AspNetRoles" ("Id") ON DELETE CASCADE,
    CONSTRAINT "FK_AspNetUserRoles_AspNetUsers_UserId" FOREIGN KEY ("UserId") REFERENCES "AspNetUsers" ("Id") ON DELETE CASCADE
);
2026-09-29 13:53:17.020 +02:00 [INF] Executed DbCommand (0ms) [Parameters=[], CommandType='"Text"', CommandTimeout='30']
CREATE TABLE "AspNetUserTokens" (
    "UserId" TEXT NOT NULL,
    "LoginProvider" TEXT NOT NULL,
    "Name" TEXT NOT NULL,
    "Value" TEXT NULL,
    CONSTRAINT "PK_AspNetUserTokens" PRIMARY KEY ("UserId", "LoginProvider", "Name"),
    CONSTRAINT "FK_AspNetUserTokens_AspNetUsers_UserId" FOREIGN KEY ("UserId") REFERENCES "AspNetUsers" ("Id") ON DELETE CASCADE
);
2026-09-29 13:53:17.021 +02:00 [INF] Executed DbCommand (0ms) [Parameters=[], CommandType='"Text"', CommandTimeout='30']
CREATE TABLE "Quizzes" (
    "id" INTEGER NOT NULL CONSTRAINT "PK_Quizzes" PRIMARY KEY AUTOINCREMENT,
    "user_id" TEXT NULL,
    "title" TEXT NULL,
    CONSTRAINT "FK_Quizzes_AspNetUsers_user_id" FOREIGN KEY ("user_id") REFERENCES "AspNetUsers" ("Id") ON DELETE SET NULL
);
2026-09-29 13:53:17.022 +02:00 [INF] Executed DbCommand (0ms) [Parameters=[], CommandType='"Text"', CommandTimeout='30']
CREATE TABLE "Histories" (
    "id" INTEGER NOT NULL CONSTRAINT "PK_Histories" PRIMARY KEY AUTOINCREMENT,
    "user_id" TEXT NULL,
    "quiz_id" INTEGER NULL,
    "completed_at" TEXT NULL,
    "score" INTEGER NULL,
    CONSTRAINT "FK_Histories_AspNetUsers_user_id" FOREIGN KEY ("user_id") REFERENCES "AspNetUsers" ("Id") ON DELETE RESTRICT,
    CONSTRAINT "FK_Histories_Quizzes_quiz_id" FOREIGN KEY ("quiz_id") REFERENCES "Quizzes" ("id") ON DELETE RESTRICT
);
2026-09-29 13:53:17.024 +02:00 [INF] Executed DbCommand (0ms) [Parameters=[], CommandType='"Text"', CommandTimeout='30']
CREATE TABLE "Questions" (
    "id" INTEGER NOT NULL CONSTRAINT "PK_Questions" PRIMARY KEY AUTOINCREMENT,
    "quiz_id" INTEGER NULL,
    "type_id" INTEGER NULL,
    "title" TEXT NULL,
    "content" json NULL,
    CONSTRAINT "FK_Questions_Quizzes_quiz_id" FOREIGN KEY ("quiz_id") REFERENCES "Quizzes" ("id") ON DELETE CASCADE
);
2026-09-29 13:53:17.025 +02:00 [INF] Executed DbCommand (0ms) [Parameters=[], CommandType='"Text"', CommandTimeout='30']
CREATE INDEX "IX_AspNetRoleClaims_RoleId" ON "AspNetRoleClaims" ("RoleId");
2026-09-29 13:53:17.026 +02:00 [INF] Executed DbCommand (0ms) [Parameters=[], CommandType='"Text"', CommandTimeout='30']
CREATE UNIQUE INDEX "RoleNameIndex" ON "AspNetRoles" ("NormalizedName");
2026-09-29 13:53:17.028 +02:00 [INF] Executed DbCommand (0ms) [Parameters=[], CommandType='"Text"', CommandTimeout='30']
CREATE INDEX "IX_AspNetUserClaims_UserId" ON "AspNetUserClaims" ("UserId");
2026-09-29 13:53:17.029 +02:00 [INF] Executed DbCommand (0ms) [Parameters=[], CommandType='"Text"', CommandTimeout='30']
CREATE INDEX "IX_AspNetUserLogins_UserId" ON "AspNetUserLogins" ("UserId");
2026-09-29 13:53:17.030 +02:00 [INF] Executed DbCommand (0ms) [Parameters=[], CommandType='"Text"', CommandTimeout='30']
CREATE INDEX "IX_AspNetUserRoles_RoleId" ON "AspNetUserRoles" ("RoleId");
2026-09-29 13:53:17.031 +02:00 [INF] Executed DbCommand (0ms) [Parameters=[], CommandType='"Text"', CommandTimeout='30']
CREATE INDEX "EmailIndex" ON "AspNetUsers" ("NormalizedEmail");
2026-09-29 13:53:17.033 +02:00 [INF] Executed DbCommand (0ms) [Parameters=[], CommandType='"Text"', CommandTimeout='30']
CREATE UNIQUE INDEX "UserNameIndex" ON "AspNetUsers" ("NormalizedUserName");
2026-09-29 13:53:17.034 +02:00 [INF] Executed DbCommand (0ms) [Parameters=[], CommandType='"Text"', CommandTimeout='30']
CREATE INDEX "IX_Histories_quiz_id" ON "Histories" ("quiz_id");
2026-09-29 13:53:17.035 +02:00 [INF] Executed DbCommand (0ms) [Parameters=[], CommandType='"Text"', CommandTimeout='30']
CREATE INDEX "IX_Histories_user_id" ON "Histories" ("user_id");
2026-09-29 13:53:17.037 +02:00 [INF] Executed DbCommand (0ms) [Parameters=[], CommandType='"Text"', CommandTimeout='30']
CREATE INDEX "IX_Questions_quiz_id" ON "Questions" ("quiz_id");
2026-09-29 13:53:17.038 +02:00 [INF] Executed DbCommand (0ms) [Parameters=[], CommandType='"Text"', CommandTimeout='30']
CREATE INDEX "IX_Quizzes_user_id" ON "Quizzes" ("user_id");
2026-09-29 13:53:17.174 +02:00 [INF] Executed DbCommand (0ms) [Parameters=[], CommandType='"Text"', CommandTimeout='30']
SELECT EXISTS (
    SELECT 1
    FROM "AspNetUsers" AS "a")
2026-09-29 13:53:17.281 +02:00 [INF] Executed DbCommand (2ms) [Parameters=[@p0='?' (Size = 36), @p1='?' (DbType = Int32), @p2='?' (Size = 36), @p3='?' (Size = 12), @p4='?' (Size = 27), @p5='?' (DbType = Boolean), @p6='?' (DbType = Boolean), @p7='?' (DbType = DateTimeOffset), @p8='?', @p9='?', @p10='?' (Size = 5), @p11='?', @p12='?' (DbType = Boolean), @p13='?' (Size = 36), @p14='?' (DbType = Boolean), @p15='?'], CommandType='"Text"', CommandTimeout='30']
INSERT INTO "AspNetUsers" ("Id", "AccessFailedCount", "ConcurrencyStamp", "DisplayName", "Email", "EmailConfirmed", "LockoutEnabled", "LockoutEnd", "NormalizedEmail", "NormalizedUserName", "PasswordHash", "PhoneNumber", "PhoneNumberConfirmed", "SecurityStamp", "TwoFactorEnabled", "UserName")
VALUES (@p0, @p1, @p2, @p3, @p4, @p5, @p6, @p7, @p8, @p9, @p10, @p11, @p12, @p13, @p14, @p15);
2026-09-29 13:53:17.285 +02:00 [INF] Executed DbCommand (0ms) [Parameters=[@p0='?' (Size = 36), @p1='?' (DbType = Int32), @p2='?' (Size = 36), @p3='?' (Size = 15), @p4='?' (Size = 18), @p5='?' (DbType = Boolean), @p6='?' (DbType = Boolean), @p7='?' (DbType = DateTimeOffset), @p8='?', @p9='?', @p10='?' (Size = 5), @p11='?', @p12='?' (DbType = Boolean), @p13='?' (Size = 36), @p14='?' (DbType = Boolean), @p15='?'], CommandType='"Text"', CommandTimeout='30']
INSERT INTO "AspNetUsers" ("Id", "AccessFailedCount", "ConcurrencyStamp", "DisplayName", "Email", "EmailConfirmed", "LockoutEnabled", "LockoutEnd", "NormalizedEmail", "NormalizedUserName", "PasswordHash", "PhoneNumber", "PhoneNumberConfirmed", "SecurityStamp", "TwoFactorEnabled", "UserName")
VALUES (@p0, @p1, @p2, @p3, @p4, @p5, @p6, @p7, @p8, @p9, @p10, @p11, @p12, @p13, @p14, @p15);
2026-09-29 13:53:17.296 +02:00 [WRN] The query uses the 'First'/'FirstOrDefault' operator without 'OrderBy' and filter operators. This may lead to unpredictable results.
2026-09-29 13:53:17.318 +02:00 [INF] Executed DbCommand (0ms) [Parameters=[], CommandType='"Text"', CommandTimeout='30']
SELECT "a"."Id", "a"."AccessFailedCount", "a"."ConcurrencyStamp", "a"."DisplayName", "a"."Email", "a"."EmailConfirmed", "a"."LockoutEnabled", "a"."LockoutEnd", "a"."NormalizedEmail", "a"."NormalizedUserName", "a"."PasswordHash", "a"."PhoneNumber", "a"."PhoneNumberConfirmed", "a"."SecurityStamp", "a"."TwoFactorEnabled", "a"."UserName"
FROM "AspNetUsers" AS "a"
LIMIT 1
2026-09-29 13:53:17.334 +02:00 [INF] Executed DbCommand (0ms) [Parameters=[], CommandType='"Text"', CommandTimeout='30']
SELECT "a"."Id", "a"."AccessFailedCount", "a"."ConcurrencyStamp", "a"."DisplayName", "a"."Email", "a"."EmailConfirmed", "a"."LockoutEnabled", "a"."LockoutEnd", "a"."NormalizedEmail", "a"."NormalizedUserName", "a"."PasswordHash", "a"."PhoneNumber", "a"."PhoneNumberConfirmed", "a"."SecurityStamp", "a"."TwoFactorEnabled", "a"."UserName"
FROM "AspNetUsers" AS "a"
ORDER BY "a"."Id" DESC
LIMIT 1
2026-09-29 13:53:17.338 +02:00 [INF] Executed DbCommand (0ms) [Parameters=[], CommandType='"Text"', CommandTimeout='30']
SELECT EXISTS (
    SELECT 1
    FROM "Quizzes" AS "q")
2026-09-29 13:53:17.372 +02:00 [INF] Executed DbCommand (0ms) [Parameters=[@p0='?' (Size = 5), @p1='?' (Size = 36)], CommandType='"Text"', CommandTimeout='30']
INSERT INTO "Quizzes" ("title", "user_id")
VALUES (@p0, @p1)
RETURNING "id";
2026-09-29 13:53:17.379 +02:00 [INF] Executed DbCommand (0ms) [Parameters=[@p0='?' (Size = 9), @p1='?' (Size = 36)], CommandType='"Text"', CommandTimeout='30']
INSERT INTO "Quizzes" ("title", "user_id")
VALUES (@p0, @p1)
RETURNING "id";
2026-09-29 13:53:17.405 +02:00 [INF] Executed DbCommand (1ms) [Parameters=[], CommandType='"Text"', CommandTimeout='30']
SELECT COUNT(*) FROM "sqlite_master" WHERE "type" = 'table' AND "rootpage" IS NOT NULL;
2026-09-29 13:53:17.467 +02:00 [INF] User profile is available. Using 'C:\Users\LeonE\AppData\Local\ASP.NET\DataProtection-Keys' as key repository and Windows DPAPI to encrypt keys at rest.
2026-09-29 13:53:17.556 +02:00 [INF] Now listening on: http://localhost:5172
2026-09-29 13:53:17.558 +02:00 [INF] Application started. Press Ctrl+C to shut down.
2026-09-29 13:53:17.559 +02:00 [INF] Hosting environment: Development
2026-09-29 13:53:17.560 +02:00 [INF] Content root path: C:\Users\LeonE\Desktop\GitHub\ITPE3200-1-26H\gremlin
2026-09-29 13:53:25.740 +02:00 [INF] Request starting HTTP/1.1 GET http://localhost:5172/User/1 - null null
2026-09-29 13:53:25.746 +02:00 [WRN] Failed to determine the https port for redirect.
2026-09-29 13:53:25.757 +02:00 [ERR] An unhandled exception has occurred while executing the request.
System.InvalidOperationException: The constraint reference 'string' could not be resolved to a type. Register the constraint type with 'Microsoft.AspNetCore.Routing.RouteOptions.ConstraintMap'.
   at Microsoft.AspNetCore.Routing.DefaultParameterPolicyFactory.Create(RoutePatternParameterPart parameter, String inlineText)
   at Microsoft.AspNetCore.Routing.Matching.DfaMatcherBuilder.CachingParameterPolicyFactory.Create(RoutePatternParameterPart parameter, String inlineText)
   at Microsoft.AspNetCore.Routing.Matching.DfaMatcherBuilder.DfaBuilderWorker.AddParentsWithMatchingLiteralConstraints(List`1 nextParents, DfaNode parent, RoutePatternParameterPart parameterPart, IReadOnlyList`1 parameterPolicyReferences)
   at Microsoft.AspNetCore.Routing.Matching.DfaMatcherBuilder.DfaBuilderWorker.ProcessSegment(RouteEndpoint endpoint, List`1 parents, List`1 nextParents, RoutePatternPathSegment segment)
   at Microsoft.AspNetCore.Routing.Matching.DfaMatcherBuilder.DfaBuilderWorker.ProcessLevel(Int32 depth)
   at Microsoft.AspNetCore.Routing.Matching.DfaMatcherBuilder.BuildDfaTree(Boolean includeLabel)
   at Microsoft.AspNetCore.Routing.Matching.DfaMatcherBuilder.Build()
   at Microsoft.AspNetCore.Routing.Matching.DataSourceDependentMatcher.CreateMatcher(IReadOnlyList`1 endpoints)
   at Microsoft.AspNetCore.Routing.DataSourceDependentCache`1.Initialize()
   at System.Threading.LazyInitializer.EnsureInitializedCore[T](T& target, Boolean& initialized, Object& syncLock, Func`1 valueFactory)
   at Microsoft.AspNetCore.Routing.Matching.DataSourceDependentMatcher..ctor(EndpointDataSource dataSource, Lifetime lifetime, Func`1 matcherBuilderFactory)
   at Microsoft.AspNetCore.Routing.Matching.DfaMatcherFactory.CreateMatcher(EndpointDataSource dataSource)
   at Microsoft.AspNetCore.Routing.EndpointRoutingMiddleware.InitializeCoreAsync()
--- End of stack trace from previous location ---
   at Microsoft.AspNetCore.Routing.EndpointRoutingMiddleware.<Invoke>g__AwaitMatcher|10_0(EndpointRoutingMiddleware middleware, HttpContext httpContext, Task`1 matcherTask)
   at Microsoft.AspNetCore.Diagnostics.DeveloperExceptionPageMiddlewareImpl.Invoke(HttpContext context)
2026-09-29 13:53:25.794 +02:00 [INF] Request finished HTTP/1.1 GET http://localhost:5172/User/1 - 500 null text/html; charset=utf-8 54.6214ms
2026-09-29 13:53:32.620 +02:00 [INF] Request starting HTTP/1.1 GET http://localhost:5172/ - null null
2026-09-29 13:53:32.626 +02:00 [ERR] An unhandled exception has occurred while executing the request.
System.InvalidOperationException: The constraint reference 'string' could not be resolved to a type. Register the constraint type with 'Microsoft.AspNetCore.Routing.RouteOptions.ConstraintMap'.
   at Microsoft.AspNetCore.Routing.DefaultParameterPolicyFactory.Create(RoutePatternParameterPart parameter, String inlineText)
   at Microsoft.AspNetCore.Routing.Matching.DfaMatcherBuilder.CachingParameterPolicyFactory.Create(RoutePatternParameterPart parameter, String inlineText)
   at Microsoft.AspNetCore.Routing.Matching.DfaMatcherBuilder.DfaBuilderWorker.AddParentsWithMatchingLiteralConstraints(List`1 nextParents, DfaNode parent, RoutePatternParameterPart parameterPart, IReadOnlyList`1 parameterPolicyReferences)
   at Microsoft.AspNetCore.Routing.Matching.DfaMatcherBuilder.DfaBuilderWorker.ProcessSegment(RouteEndpoint endpoint, List`1 parents, List`1 nextParents, RoutePatternPathSegment segment)
   at Microsoft.AspNetCore.Routing.Matching.DfaMatcherBuilder.DfaBuilderWorker.ProcessLevel(Int32 depth)
   at Microsoft.AspNetCore.Routing.Matching.DfaMatcherBuilder.BuildDfaTree(Boolean includeLabel)
   at Microsoft.AspNetCore.Routing.Matching.DfaMatcherBuilder.Build()
   at Microsoft.AspNetCore.Routing.Matching.DataSourceDependentMatcher.CreateMatcher(IReadOnlyList`1 endpoints)
   at Microsoft.AspNetCore.Routing.DataSourceDependentCache`1.Initialize()
   at System.Threading.LazyInitializer.EnsureInitializedCore[T](T& target, Boolean& initialized, Object& syncLock, Func`1 valueFactory)
   at Microsoft.AspNetCore.Routing.Matching.DataSourceDependentMatcher..ctor(EndpointDataSource dataSource, Lifetime lifetime, Func`1 matcherBuilderFactory)
   at Microsoft.AspNetCore.Routing.Matching.DfaMatcherFactory.CreateMatcher(EndpointDataSource dataSource)
   at Microsoft.AspNetCore.Routing.EndpointRoutingMiddleware.InitializeCoreAsync()
--- End of stack trace from previous location ---
   at Microsoft.AspNetCore.Routing.EndpointRoutingMiddleware.<Invoke>g__AwaitMatcher|10_0(EndpointRoutingMiddleware middleware, HttpContext httpContext, Task`1 matcherTask)
   at Microsoft.AspNetCore.Diagnostics.DeveloperExceptionPageMiddlewareImpl.Invoke(HttpContext context)
2026-09-29 13:53:32.632 +02:00 [INF] Request finished HTTP/1.1 GET http://localhost:5172/ - 500 null text/html; charset=utf-8 11.4908ms
2026-09-29 13:53:34.481 +02:00 [INF] Request starting HTTP/1.1 GET http://localhost:5172/ - null null
2026-09-29 13:53:34.487 +02:00 [ERR] An unhandled exception has occurred while executing the request.
System.InvalidOperationException: The constraint reference 'string' could not be resolved to a type. Register the constraint type with 'Microsoft.AspNetCore.Routing.RouteOptions.ConstraintMap'.
   at Microsoft.AspNetCore.Routing.DefaultParameterPolicyFactory.Create(RoutePatternParameterPart parameter, String inlineText)
   at Microsoft.AspNetCore.Routing.Matching.DfaMatcherBuilder.CachingParameterPolicyFactory.Create(RoutePatternParameterPart parameter, String inlineText)
   at Microsoft.AspNetCore.Routing.Matching.DfaMatcherBuilder.DfaBuilderWorker.AddParentsWithMatchingLiteralConstraints(List`1 nextParents, DfaNode parent, RoutePatternParameterPart parameterPart, IReadOnlyList`1 parameterPolicyReferences)
   at Microsoft.AspNetCore.Routing.Matching.DfaMatcherBuilder.DfaBuilderWorker.ProcessSegment(RouteEndpoint endpoint, List`1 parents, List`1 nextParents, RoutePatternPathSegment segment)
   at Microsoft.AspNetCore.Routing.Matching.DfaMatcherBuilder.DfaBuilderWorker.ProcessLevel(Int32 depth)
   at Microsoft.AspNetCore.Routing.Matching.DfaMatcherBuilder.BuildDfaTree(Boolean includeLabel)
   at Microsoft.AspNetCore.Routing.Matching.DfaMatcherBuilder.Build()
   at Microsoft.AspNetCore.Routing.Matching.DataSourceDependentMatcher.CreateMatcher(IReadOnlyList`1 endpoints)
   at Microsoft.AspNetCore.Routing.DataSourceDependentCache`1.Initialize()
   at System.Threading.LazyInitializer.EnsureInitializedCore[T](T& target, Boolean& initialized, Object& syncLock, Func`1 valueFactory)
   at Microsoft.AspNetCore.Routing.Matching.DataSourceDependentMatcher..ctor(EndpointDataSource dataSource, Lifetime lifetime, Func`1 matcherBuilderFactory)
   at Microsoft.AspNetCore.Routing.Matching.DfaMatcherFactory.CreateMatcher(EndpointDataSource dataSource)
   at Microsoft.AspNetCore.Routing.EndpointRoutingMiddleware.InitializeCoreAsync()
--- End of stack trace from previous location ---
   at Microsoft.AspNetCore.Routing.EndpointRoutingMiddleware.<Invoke>g__AwaitMatcher|10_0(EndpointRoutingMiddleware middleware, HttpContext httpContext, Task`1 matcherTask)
   at Microsoft.AspNetCore.Diagnostics.DeveloperExceptionPageMiddlewareImpl.Invoke(HttpContext context)
2026-09-29 13:53:34.491 +02:00 [INF] Request finished HTTP/1.1 GET http://localhost:5172/ - 500 null text/html; charset=utf-8 9.975ms
2026-09-29 13:53:36.401 +02:00 [INF] Request starting HTTP/1.1 GET http://localhost:5172/ - null null
2026-09-29 13:53:36.403 +02:00 [ERR] An unhandled exception has occurred while executing the request.
System.InvalidOperationException: The constraint reference 'string' could not be resolved to a type. Register the constraint type with 'Microsoft.AspNetCore.Routing.RouteOptions.ConstraintMap'.
   at Microsoft.AspNetCore.Routing.DefaultParameterPolicyFactory.Create(RoutePatternParameterPart parameter, String inlineText)
   at Microsoft.AspNetCore.Routing.Matching.DfaMatcherBuilder.CachingParameterPolicyFactory.Create(RoutePatternParameterPart parameter, String inlineText)
   at Microsoft.AspNetCore.Routing.Matching.DfaMatcherBuilder.DfaBuilderWorker.AddParentsWithMatchingLiteralConstraints(List`1 nextParents, DfaNode parent, RoutePatternParameterPart parameterPart, IReadOnlyList`1 parameterPolicyReferences)
   at Microsoft.AspNetCore.Routing.Matching.DfaMatcherBuilder.DfaBuilderWorker.ProcessSegment(RouteEndpoint endpoint, List`1 parents, List`1 nextParents, RoutePatternPathSegment segment)
   at Microsoft.AspNetCore.Routing.Matching.DfaMatcherBuilder.DfaBuilderWorker.ProcessLevel(Int32 depth)
   at Microsoft.AspNetCore.Routing.Matching.DfaMatcherBuilder.BuildDfaTree(Boolean includeLabel)
   at Microsoft.AspNetCore.Routing.Matching.DfaMatcherBuilder.Build()
   at Microsoft.AspNetCore.Routing.Matching.DataSourceDependentMatcher.CreateMatcher(IReadOnlyList`1 endpoints)
   at Microsoft.AspNetCore.Routing.DataSourceDependentCache`1.Initialize()
   at System.Threading.LazyInitializer.EnsureInitializedCore[T](T& target, Boolean& initialized, Object& syncLock, Func`1 valueFactory)
   at Microsoft.AspNetCore.Routing.Matching.DataSourceDependentMatcher..ctor(EndpointDataSource dataSource, Lifetime lifetime, Func`1 matcherBuilderFactory)
   at Microsoft.AspNetCore.Routing.Matching.DfaMatcherFactory.CreateMatcher(EndpointDataSource dataSource)
   at Microsoft.AspNetCore.Routing.EndpointRoutingMiddleware.InitializeCoreAsync()
--- End of stack trace from previous location ---
   at Microsoft.AspNetCore.Routing.EndpointRoutingMiddleware.<Invoke>g__AwaitMatcher|10_0(EndpointRoutingMiddleware middleware, HttpContext httpContext, Task`1 matcherTask)
   at Microsoft.AspNetCore.Diagnostics.DeveloperExceptionPageMiddlewareImpl.Invoke(HttpContext context)
2026-09-29 13:53:36.405 +02:00 [INF] Request finished HTTP/1.1 GET http://localhost:5172/ - 500 null text/html; charset=utf-8 4.5806ms
2026-09-29 13:53:37.088 +02:00 [INF] Request starting HTTP/1.1 GET http://localhost:5172/ - null null
2026-09-29 13:53:37.092 +02:00 [ERR] An unhandled exception has occurred while executing the request.
System.InvalidOperationException: The constraint reference 'string' could not be resolved to a type. Register the constraint type with 'Microsoft.AspNetCore.Routing.RouteOptions.ConstraintMap'.
   at Microsoft.AspNetCore.Routing.DefaultParameterPolicyFactory.Create(RoutePatternParameterPart parameter, String inlineText)
   at Microsoft.AspNetCore.Routing.Matching.DfaMatcherBuilder.CachingParameterPolicyFactory.Create(RoutePatternParameterPart parameter, String inlineText)
   at Microsoft.AspNetCore.Routing.Matching.DfaMatcherBuilder.DfaBuilderWorker.AddParentsWithMatchingLiteralConstraints(List`1 nextParents, DfaNode parent, RoutePatternParameterPart parameterPart, IReadOnlyList`1 parameterPolicyReferences)
   at Microsoft.AspNetCore.Routing.Matching.DfaMatcherBuilder.DfaBuilderWorker.ProcessSegment(RouteEndpoint endpoint, List`1 parents, List`1 nextParents, RoutePatternPathSegment segment)
   at Microsoft.AspNetCore.Routing.Matching.DfaMatcherBuilder.DfaBuilderWorker.ProcessLevel(Int32 depth)
   at Microsoft.AspNetCore.Routing.Matching.DfaMatcherBuilder.BuildDfaTree(Boolean includeLabel)
   at Microsoft.AspNetCore.Routing.Matching.DfaMatcherBuilder.Build()
   at Microsoft.AspNetCore.Routing.Matching.DataSourceDependentMatcher.CreateMatcher(IReadOnlyList`1 endpoints)
   at Microsoft.AspNetCore.Routing.DataSourceDependentCache`1.Initialize()
   at System.Threading.LazyInitializer.EnsureInitializedCore[T](T& target, Boolean& initialized, Object& syncLock, Func`1 valueFactory)
   at Microsoft.AspNetCore.Routing.Matching.DataSourceDependentMatcher..ctor(EndpointDataSource dataSource, Lifetime lifetime, Func`1 matcherBuilderFactory)
   at Microsoft.AspNetCore.Routing.Matching.DfaMatcherFactory.CreateMatcher(EndpointDataSource dataSource)
   at Microsoft.AspNetCore.Routing.EndpointRoutingMiddleware.InitializeCoreAsync()
--- End of stack trace from previous location ---
   at Microsoft.AspNetCore.Routing.EndpointRoutingMiddleware.<Invoke>g__AwaitMatcher|10_0(EndpointRoutingMiddleware middleware, HttpContext httpContext, Task`1 matcherTask)
   at Microsoft.AspNetCore.Diagnostics.DeveloperExceptionPageMiddlewareImpl.Invoke(HttpContext context)
2026-09-29 13:53:37.094 +02:00 [INF] Request finished HTTP/1.1 GET http://localhost:5172/ - 500 null text/html; charset=utf-8 6.8436ms
2026-09-29 13:53:37.498 +02:00 [INF] Request starting HTTP/1.1 GET http://localhost:5172/ - null null
2026-09-29 13:53:37.501 +02:00 [ERR] An unhandled exception has occurred while executing the request.
System.InvalidOperationException: The constraint reference 'string' could not be resolved to a type. Register the constraint type with 'Microsoft.AspNetCore.Routing.RouteOptions.ConstraintMap'.
   at Microsoft.AspNetCore.Routing.DefaultParameterPolicyFactory.Create(RoutePatternParameterPart parameter, String inlineText)
   at Microsoft.AspNetCore.Routing.Matching.DfaMatcherBuilder.CachingParameterPolicyFactory.Create(RoutePatternParameterPart parameter, String inlineText)
   at Microsoft.AspNetCore.Routing.Matching.DfaMatcherBuilder.DfaBuilderWorker.AddParentsWithMatchingLiteralConstraints(List`1 nextParents, DfaNode parent, RoutePatternParameterPart parameterPart, IReadOnlyList`1 parameterPolicyReferences)
   at Microsoft.AspNetCore.Routing.Matching.DfaMatcherBuilder.DfaBuilderWorker.ProcessSegment(RouteEndpoint endpoint, List`1 parents, List`1 nextParents, RoutePatternPathSegment segment)
   at Microsoft.AspNetCore.Routing.Matching.DfaMatcherBuilder.DfaBuilderWorker.ProcessLevel(Int32 depth)
   at Microsoft.AspNetCore.Routing.Matching.DfaMatcherBuilder.BuildDfaTree(Boolean includeLabel)
   at Microsoft.AspNetCore.Routing.Matching.DfaMatcherBuilder.Build()
   at Microsoft.AspNetCore.Routing.Matching.DataSourceDependentMatcher.CreateMatcher(IReadOnlyList`1 endpoints)
   at Microsoft.AspNetCore.Routing.DataSourceDependentCache`1.Initialize()
   at System.Threading.LazyInitializer.EnsureInitializedCore[T](T& target, Boolean& initialized, Object& syncLock, Func`1 valueFactory)
   at Microsoft.AspNetCore.Routing.Matching.DataSourceDependentMatcher..ctor(EndpointDataSource dataSource, Lifetime lifetime, Func`1 matcherBuilderFactory)
   at Microsoft.AspNetCore.Routing.Matching.DfaMatcherFactory.CreateMatcher(EndpointDataSource dataSource)
   at Microsoft.AspNetCore.Routing.EndpointRoutingMiddleware.InitializeCoreAsync()
--- End of stack trace from previous location ---
   at Microsoft.AspNetCore.Routing.EndpointRoutingMiddleware.<Invoke>g__AwaitMatcher|10_0(EndpointRoutingMiddleware middleware, HttpContext httpContext, Task`1 matcherTask)
   at Microsoft.AspNetCore.Diagnostics.DeveloperExceptionPageMiddlewareImpl.Invoke(HttpContext context)
2026-09-29 13:53:37.503 +02:00 [INF] Request finished HTTP/1.1 GET http://localhost:5172/ - 500 null text/html; charset=utf-8 4.9755ms
2026-09-29 13:53:37.719 +02:00 [INF] Request starting HTTP/1.1 GET http://localhost:5172/ - null null
2026-09-29 13:53:37.721 +02:00 [ERR] An unhandled exception has occurred while executing the request.
System.InvalidOperationException: The constraint reference 'string' could not be resolved to a type. Register the constraint type with 'Microsoft.AspNetCore.Routing.RouteOptions.ConstraintMap'.
   at Microsoft.AspNetCore.Routing.DefaultParameterPolicyFactory.Create(RoutePatternParameterPart parameter, String inlineText)
   at Microsoft.AspNetCore.Routing.Matching.DfaMatcherBuilder.CachingParameterPolicyFactory.Create(RoutePatternParameterPart parameter, String inlineText)
   at Microsoft.AspNetCore.Routing.Matching.DfaMatcherBuilder.DfaBuilderWorker.AddParentsWithMatchingLiteralConstraints(List`1 nextParents, DfaNode parent, RoutePatternParameterPart parameterPart, IReadOnlyList`1 parameterPolicyReferences)
   at Microsoft.AspNetCore.Routing.Matching.DfaMatcherBuilder.DfaBuilderWorker.ProcessSegment(RouteEndpoint endpoint, List`1 parents, List`1 nextParents, RoutePatternPathSegment segment)
   at Microsoft.AspNetCore.Routing.Matching.DfaMatcherBuilder.DfaBuilderWorker.ProcessLevel(Int32 depth)
   at Microsoft.AspNetCore.Routing.Matching.DfaMatcherBuilder.BuildDfaTree(Boolean includeLabel)
   at Microsoft.AspNetCore.Routing.Matching.DfaMatcherBuilder.Build()
   at Microsoft.AspNetCore.Routing.Matching.DataSourceDependentMatcher.CreateMatcher(IReadOnlyList`1 endpoints)
   at Microsoft.AspNetCore.Routing.DataSourceDependentCache`1.Initialize()
   at System.Threading.LazyInitializer.EnsureInitializedCore[T](T& target, Boolean& initialized, Object& syncLock, Func`1 valueFactory)
   at Microsoft.AspNetCore.Routing.Matching.DataSourceDependentMatcher..ctor(EndpointDataSource dataSource, Lifetime lifetime, Func`1 matcherBuilderFactory)
   at Microsoft.AspNetCore.Routing.Matching.DfaMatcherFactory.CreateMatcher(EndpointDataSource dataSource)
   at Microsoft.AspNetCore.Routing.EndpointRoutingMiddleware.InitializeCoreAsync()
--- End of stack trace from previous location ---
   at Microsoft.AspNetCore.Routing.EndpointRoutingMiddleware.<Invoke>g__AwaitMatcher|10_0(EndpointRoutingMiddleware middleware, HttpContext httpContext, Task`1 matcherTask)
   at Microsoft.AspNetCore.Diagnostics.DeveloperExceptionPageMiddlewareImpl.Invoke(HttpContext context)
2026-09-29 13:53:37.724 +02:00 [INF] Request finished HTTP/1.1 GET http://localhost:5172/ - 500 null text/html; charset=utf-8 5.2392ms
2026-09-29 13:53:38.110 +02:00 [INF] Request starting HTTP/1.1 GET http://localhost:5172/ - null null
2026-09-29 13:53:38.114 +02:00 [ERR] An unhandled exception has occurred while executing the request.
System.InvalidOperationException: The constraint reference 'string' could not be resolved to a type. Register the constraint type with 'Microsoft.AspNetCore.Routing.RouteOptions.ConstraintMap'.
   at Microsoft.AspNetCore.Routing.DefaultParameterPolicyFactory.Create(RoutePatternParameterPart parameter, String inlineText)
   at Microsoft.AspNetCore.Routing.Matching.DfaMatcherBuilder.CachingParameterPolicyFactory.Create(RoutePatternParameterPart parameter, String inlineText)
   at Microsoft.AspNetCore.Routing.Matching.DfaMatcherBuilder.DfaBuilderWorker.AddParentsWithMatchingLiteralConstraints(List`1 nextParents, DfaNode parent, RoutePatternParameterPart parameterPart, IReadOnlyList`1 parameterPolicyReferences)
   at Microsoft.AspNetCore.Routing.Matching.DfaMatcherBuilder.DfaBuilderWorker.ProcessSegment(RouteEndpoint endpoint, List`1 parents, List`1 nextParents, RoutePatternPathSegment segment)
   at Microsoft.AspNetCore.Routing.Matching.DfaMatcherBuilder.DfaBuilderWorker.ProcessLevel(Int32 depth)
   at Microsoft.AspNetCore.Routing.Matching.DfaMatcherBuilder.BuildDfaTree(Boolean includeLabel)
   at Microsoft.AspNetCore.Routing.Matching.DfaMatcherBuilder.Build()
   at Microsoft.AspNetCore.Routing.Matching.DataSourceDependentMatcher.CreateMatcher(IReadOnlyList`1 endpoints)
   at Microsoft.AspNetCore.Routing.DataSourceDependentCache`1.Initialize()
   at System.Threading.LazyInitializer.EnsureInitializedCore[T](T& target, Boolean& initialized, Object& syncLock, Func`1 valueFactory)
   at Microsoft.AspNetCore.Routing.Matching.DataSourceDependentMatcher..ctor(EndpointDataSource dataSource, Lifetime lifetime, Func`1 matcherBuilderFactory)
   at Microsoft.AspNetCore.Routing.Matching.DfaMatcherFactory.CreateMatcher(EndpointDataSource dataSource)
   at Microsoft.AspNetCore.Routing.EndpointRoutingMiddleware.InitializeCoreAsync()
--- End of stack trace from previous location ---
   at Microsoft.AspNetCore.Routing.EndpointRoutingMiddleware.<Invoke>g__AwaitMatcher|10_0(EndpointRoutingMiddleware middleware, HttpContext httpContext, Task`1 matcherTask)
   at Microsoft.AspNetCore.Diagnostics.DeveloperExceptionPageMiddlewareImpl.Invoke(HttpContext context)
2026-09-29 13:53:38.117 +02:00 [INF] Request finished HTTP/1.1 GET http://localhost:5172/ - 500 null text/html; charset=utf-8 7.013ms
2026-09-29 13:53:38.455 +02:00 [INF] Request starting HTTP/1.1 GET http://localhost:5172/ - null null
2026-09-29 13:53:38.459 +02:00 [ERR] An unhandled exception has occurred while executing the request.
System.InvalidOperationException: The constraint reference 'string' could not be resolved to a type. Register the constraint type with 'Microsoft.AspNetCore.Routing.RouteOptions.ConstraintMap'.
   at Microsoft.AspNetCore.Routing.DefaultParameterPolicyFactory.Create(RoutePatternParameterPart parameter, String inlineText)
   at Microsoft.AspNetCore.Routing.Matching.DfaMatcherBuilder.CachingParameterPolicyFactory.Create(RoutePatternParameterPart parameter, String inlineText)
   at Microsoft.AspNetCore.Routing.Matching.DfaMatcherBuilder.DfaBuilderWorker.AddParentsWithMatchingLiteralConstraints(List`1 nextParents, DfaNode parent, RoutePatternParameterPart parameterPart, IReadOnlyList`1 parameterPolicyReferences)
   at Microsoft.AspNetCore.Routing.Matching.DfaMatcherBuilder.DfaBuilderWorker.ProcessSegment(RouteEndpoint endpoint, List`1 parents, List`1 nextParents, RoutePatternPathSegment segment)
   at Microsoft.AspNetCore.Routing.Matching.DfaMatcherBuilder.DfaBuilderWorker.ProcessLevel(Int32 depth)
   at Microsoft.AspNetCore.Routing.Matching.DfaMatcherBuilder.BuildDfaTree(Boolean includeLabel)
   at Microsoft.AspNetCore.Routing.Matching.DfaMatcherBuilder.Build()
   at Microsoft.AspNetCore.Routing.Matching.DataSourceDependentMatcher.CreateMatcher(IReadOnlyList`1 endpoints)
   at Microsoft.AspNetCore.Routing.DataSourceDependentCache`1.Initialize()
   at System.Threading.LazyInitializer.EnsureInitializedCore[T](T& target, Boolean& initialized, Object& syncLock, Func`1 valueFactory)
   at Microsoft.AspNetCore.Routing.Matching.DataSourceDependentMatcher..ctor(EndpointDataSource dataSource, Lifetime lifetime, Func`1 matcherBuilderFactory)
   at Microsoft.AspNetCore.Routing.Matching.DfaMatcherFactory.CreateMatcher(EndpointDataSource dataSource)
   at Microsoft.AspNetCore.Routing.EndpointRoutingMiddleware.InitializeCoreAsync()
--- End of stack trace from previous location ---
   at Microsoft.AspNetCore.Routing.EndpointRoutingMiddleware.<Invoke>g__AwaitMatcher|10_0(EndpointRoutingMiddleware middleware, HttpContext httpContext, Task`1 matcherTask)
   at Microsoft.AspNetCore.Diagnostics.DeveloperExceptionPageMiddlewareImpl.Invoke(HttpContext context)
2026-09-29 13:53:38.463 +02:00 [INF] Request finished HTTP/1.1 GET http://localhost:5172/ - 500 null text/html; charset=utf-8 8.3296ms
2026-09-29 13:53:38.738 +02:00 [INF] Request starting HTTP/1.1 GET http://localhost:5172/ - null null
2026-09-29 13:53:38.741 +02:00 [ERR] An unhandled exception has occurred while executing the request.
System.InvalidOperationException: The constraint reference 'string' could not be resolved to a type. Register the constraint type with 'Microsoft.AspNetCore.Routing.RouteOptions.ConstraintMap'.
   at Microsoft.AspNetCore.Routing.DefaultParameterPolicyFactory.Create(RoutePatternParameterPart parameter, String inlineText)
   at Microsoft.AspNetCore.Routing.Matching.DfaMatcherBuilder.CachingParameterPolicyFactory.Create(RoutePatternParameterPart parameter, String inlineText)
   at Microsoft.AspNetCore.Routing.Matching.DfaMatcherBuilder.DfaBuilderWorker.AddParentsWithMatchingLiteralConstraints(List`1 nextParents, DfaNode parent, RoutePatternParameterPart parameterPart, IReadOnlyList`1 parameterPolicyReferences)
   at Microsoft.AspNetCore.Routing.Matching.DfaMatcherBuilder.DfaBuilderWorker.ProcessSegment(RouteEndpoint endpoint, List`1 parents, List`1 nextParents, RoutePatternPathSegment segment)
   at Microsoft.AspNetCore.Routing.Matching.DfaMatcherBuilder.DfaBuilderWorker.ProcessLevel(Int32 depth)
   at Microsoft.AspNetCore.Routing.Matching.DfaMatcherBuilder.BuildDfaTree(Boolean includeLabel)
   at Microsoft.AspNetCore.Routing.Matching.DfaMatcherBuilder.Build()
   at Microsoft.AspNetCore.Routing.Matching.DataSourceDependentMatcher.CreateMatcher(IReadOnlyList`1 endpoints)
   at Microsoft.AspNetCore.Routing.DataSourceDependentCache`1.Initialize()
   at System.Threading.LazyInitializer.EnsureInitializedCore[T](T& target, Boolean& initialized, Object& syncLock, Func`1 valueFactory)
   at Microsoft.AspNetCore.Routing.Matching.DataSourceDependentMatcher..ctor(EndpointDataSource dataSource, Lifetime lifetime, Func`1 matcherBuilderFactory)
   at Microsoft.AspNetCore.Routing.Matching.DfaMatcherFactory.CreateMatcher(EndpointDataSource dataSource)
   at Microsoft.AspNetCore.Routing.EndpointRoutingMiddleware.InitializeCoreAsync()
--- End of stack trace from previous location ---
   at Microsoft.AspNetCore.Routing.EndpointRoutingMiddleware.<Invoke>g__AwaitMatcher|10_0(EndpointRoutingMiddleware middleware, HttpContext httpContext, Task`1 matcherTask)
   at Microsoft.AspNetCore.Diagnostics.DeveloperExceptionPageMiddlewareImpl.Invoke(HttpContext context)
2026-09-29 13:53:38.745 +02:00 [INF] Request finished HTTP/1.1 GET http://localhost:5172/ - 500 null text/html; charset=utf-8 6.4283ms
2026-09-29 13:53:39.124 +02:00 [INF] Request starting HTTP/1.1 GET http://localhost:5172/ - null null
2026-09-29 13:53:39.127 +02:00 [ERR] An unhandled exception has occurred while executing the request.
System.InvalidOperationException: The constraint reference 'string' could not be resolved to a type. Register the constraint type with 'Microsoft.AspNetCore.Routing.RouteOptions.ConstraintMap'.
   at Microsoft.AspNetCore.Routing.DefaultParameterPolicyFactory.Create(RoutePatternParameterPart parameter, String inlineText)
   at Microsoft.AspNetCore.Routing.Matching.DfaMatcherBuilder.CachingParameterPolicyFactory.Create(RoutePatternParameterPart parameter, String inlineText)
   at Microsoft.AspNetCore.Routing.Matching.DfaMatcherBuilder.DfaBuilderWorker.AddParentsWithMatchingLiteralConstraints(List`1 nextParents, DfaNode parent, RoutePatternParameterPart parameterPart, IReadOnlyList`1 parameterPolicyReferences)
   at Microsoft.AspNetCore.Routing.Matching.DfaMatcherBuilder.DfaBuilderWorker.ProcessSegment(RouteEndpoint endpoint, List`1 parents, List`1 nextParents, RoutePatternPathSegment segment)
   at Microsoft.AspNetCore.Routing.Matching.DfaMatcherBuilder.DfaBuilderWorker.ProcessLevel(Int32 depth)
   at Microsoft.AspNetCore.Routing.Matching.DfaMatcherBuilder.BuildDfaTree(Boolean includeLabel)
   at Microsoft.AspNetCore.Routing.Matching.DfaMatcherBuilder.Build()
   at Microsoft.AspNetCore.Routing.Matching.DataSourceDependentMatcher.CreateMatcher(IReadOnlyList`1 endpoints)
   at Microsoft.AspNetCore.Routing.DataSourceDependentCache`1.Initialize()
   at System.Threading.LazyInitializer.EnsureInitializedCore[T](T& target, Boolean& initialized, Object& syncLock, Func`1 valueFactory)
   at Microsoft.AspNetCore.Routing.Matching.DataSourceDependentMatcher..ctor(EndpointDataSource dataSource, Lifetime lifetime, Func`1 matcherBuilderFactory)
   at Microsoft.AspNetCore.Routing.Matching.DfaMatcherFactory.CreateMatcher(EndpointDataSource dataSource)
   at Microsoft.AspNetCore.Routing.EndpointRoutingMiddleware.InitializeCoreAsync()
--- End of stack trace from previous location ---
   at Microsoft.AspNetCore.Routing.EndpointRoutingMiddleware.<Invoke>g__AwaitMatcher|10_0(EndpointRoutingMiddleware middleware, HttpContext httpContext, Task`1 matcherTask)
   at Microsoft.AspNetCore.Diagnostics.DeveloperExceptionPageMiddlewareImpl.Invoke(HttpContext context)
2026-09-29 13:53:39.130 +02:00 [INF] Request finished HTTP/1.1 GET http://localhost:5172/ - 500 null text/html; charset=utf-8 5.6969ms
2026-09-29 13:53:39.342 +02:00 [INF] Request starting HTTP/1.1 GET http://localhost:5172/ - null null
2026-09-29 13:53:39.345 +02:00 [ERR] An unhandled exception has occurred while executing the request.
System.InvalidOperationException: The constraint reference 'string' could not be resolved to a type. Register the constraint type with 'Microsoft.AspNetCore.Routing.RouteOptions.ConstraintMap'.
   at Microsoft.AspNetCore.Routing.DefaultParameterPolicyFactory.Create(RoutePatternParameterPart parameter, String inlineText)
   at Microsoft.AspNetCore.Routing.Matching.DfaMatcherBuilder.CachingParameterPolicyFactory.Create(RoutePatternParameterPart parameter, String inlineText)
   at Microsoft.AspNetCore.Routing.Matching.DfaMatcherBuilder.DfaBuilderWorker.AddParentsWithMatchingLiteralConstraints(List`1 nextParents, DfaNode parent, RoutePatternParameterPart parameterPart, IReadOnlyList`1 parameterPolicyReferences)
   at Microsoft.AspNetCore.Routing.Matching.DfaMatcherBuilder.DfaBuilderWorker.ProcessSegment(RouteEndpoint endpoint, List`1 parents, List`1 nextParents, RoutePatternPathSegment segment)
   at Microsoft.AspNetCore.Routing.Matching.DfaMatcherBuilder.DfaBuilderWorker.ProcessLevel(Int32 depth)
   at Microsoft.AspNetCore.Routing.Matching.DfaMatcherBuilder.BuildDfaTree(Boolean includeLabel)
   at Microsoft.AspNetCore.Routing.Matching.DfaMatcherBuilder.Build()
   at Microsoft.AspNetCore.Routing.Matching.DataSourceDependentMatcher.CreateMatcher(IReadOnlyList`1 endpoints)
   at Microsoft.AspNetCore.Routing.DataSourceDependentCache`1.Initialize()
   at System.Threading.LazyInitializer.EnsureInitializedCore[T](T& target, Boolean& initialized, Object& syncLock, Func`1 valueFactory)
   at Microsoft.AspNetCore.Routing.Matching.DataSourceDependentMatcher..ctor(EndpointDataSource dataSource, Lifetime lifetime, Func`1 matcherBuilderFactory)
   at Microsoft.AspNetCore.Routing.Matching.DfaMatcherFactory.CreateMatcher(EndpointDataSource dataSource)
   at Microsoft.AspNetCore.Routing.EndpointRoutingMiddleware.InitializeCoreAsync()
--- End of stack trace from previous location ---
   at Microsoft.AspNetCore.Routing.EndpointRoutingMiddleware.<Invoke>g__AwaitMatcher|10_0(EndpointRoutingMiddleware middleware, HttpContext httpContext, Task`1 matcherTask)
   at Microsoft.AspNetCore.Diagnostics.DeveloperExceptionPageMiddlewareImpl.Invoke(HttpContext context)
2026-09-29 13:53:39.348 +02:00 [INF] Request finished HTTP/1.1 GET http://localhost:5172/ - 500 null text/html; charset=utf-8 5.3781ms
2026-09-29 13:53:39.616 +02:00 [INF] Request starting HTTP/1.1 GET http://localhost:5172/ - null null
2026-09-29 13:53:39.620 +02:00 [ERR] An unhandled exception has occurred while executing the request.
System.InvalidOperationException: The constraint reference 'string' could not be resolved to a type. Register the constraint type with 'Microsoft.AspNetCore.Routing.RouteOptions.ConstraintMap'.
   at Microsoft.AspNetCore.Routing.DefaultParameterPolicyFactory.Create(RoutePatternParameterPart parameter, String inlineText)
   at Microsoft.AspNetCore.Routing.Matching.DfaMatcherBuilder.CachingParameterPolicyFactory.Create(RoutePatternParameterPart parameter, String inlineText)
   at Microsoft.AspNetCore.Routing.Matching.DfaMatcherBuilder.DfaBuilderWorker.AddParentsWithMatchingLiteralConstraints(List`1 nextParents, DfaNode parent, RoutePatternParameterPart parameterPart, IReadOnlyList`1 parameterPolicyReferences)
   at Microsoft.AspNetCore.Routing.Matching.DfaMatcherBuilder.DfaBuilderWorker.ProcessSegment(RouteEndpoint endpoint, List`1 parents, List`1 nextParents, RoutePatternPathSegment segment)
   at Microsoft.AspNetCore.Routing.Matching.DfaMatcherBuilder.DfaBuilderWorker.ProcessLevel(Int32 depth)
   at Microsoft.AspNetCore.Routing.Matching.DfaMatcherBuilder.BuildDfaTree(Boolean includeLabel)
   at Microsoft.AspNetCore.Routing.Matching.DfaMatcherBuilder.Build()
   at Microsoft.AspNetCore.Routing.Matching.DataSourceDependentMatcher.CreateMatcher(IReadOnlyList`1 endpoints)
   at Microsoft.AspNetCore.Routing.DataSourceDependentCache`1.Initialize()
   at System.Threading.LazyInitializer.EnsureInitializedCore[T](T& target, Boolean& initialized, Object& syncLock, Func`1 valueFactory)
   at Microsoft.AspNetCore.Routing.Matching.DataSourceDependentMatcher..ctor(EndpointDataSource dataSource, Lifetime lifetime, Func`1 matcherBuilderFactory)
   at Microsoft.AspNetCore.Routing.Matching.DfaMatcherFactory.CreateMatcher(EndpointDataSource dataSource)
   at Microsoft.AspNetCore.Routing.EndpointRoutingMiddleware.InitializeCoreAsync()
--- End of stack trace from previous location ---
   at Microsoft.AspNetCore.Routing.EndpointRoutingMiddleware.<Invoke>g__AwaitMatcher|10_0(EndpointRoutingMiddleware middleware, HttpContext httpContext, Task`1 matcherTask)
   at Microsoft.AspNetCore.Diagnostics.DeveloperExceptionPageMiddlewareImpl.Invoke(HttpContext context)
2026-09-29 13:53:39.623 +02:00 [INF] Request finished HTTP/1.1 GET http://localhost:5172/ - 500 null text/html; charset=utf-8 6.8312ms
2026-09-29 13:53:39.979 +02:00 [INF] Request starting HTTP/1.1 GET http://localhost:5172/ - null null
2026-09-29 13:53:39.982 +02:00 [ERR] An unhandled exception has occurred while executing the request.
System.InvalidOperationException: The constraint reference 'string' could not be resolved to a type. Register the constraint type with 'Microsoft.AspNetCore.Routing.RouteOptions.ConstraintMap'.
   at Microsoft.AspNetCore.Routing.DefaultParameterPolicyFactory.Create(RoutePatternParameterPart parameter, String inlineText)
   at Microsoft.AspNetCore.Routing.Matching.DfaMatcherBuilder.CachingParameterPolicyFactory.Create(RoutePatternParameterPart parameter, String inlineText)
   at Microsoft.AspNetCore.Routing.Matching.DfaMatcherBuilder.DfaBuilderWorker.AddParentsWithMatchingLiteralConstraints(List`1 nextParents, DfaNode parent, RoutePatternParameterPart parameterPart, IReadOnlyList`1 parameterPolicyReferences)
   at Microsoft.AspNetCore.Routing.Matching.DfaMatcherBuilder.DfaBuilderWorker.ProcessSegment(RouteEndpoint endpoint, List`1 parents, List`1 nextParents, RoutePatternPathSegment segment)
   at Microsoft.AspNetCore.Routing.Matching.DfaMatcherBuilder.DfaBuilderWorker.ProcessLevel(Int32 depth)
   at Microsoft.AspNetCore.Routing.Matching.DfaMatcherBuilder.BuildDfaTree(Boolean includeLabel)
   at Microsoft.AspNetCore.Routing.Matching.DfaMatcherBuilder.Build()
   at Microsoft.AspNetCore.Routing.Matching.DataSourceDependentMatcher.CreateMatcher(IReadOnlyList`1 endpoints)
   at Microsoft.AspNetCore.Routing.DataSourceDependentCache`1.Initialize()
   at System.Threading.LazyInitializer.EnsureInitializedCore[T](T& target, Boolean& initialized, Object& syncLock, Func`1 valueFactory)
   at Microsoft.AspNetCore.Routing.Matching.DataSourceDependentMatcher..ctor(EndpointDataSource dataSource, Lifetime lifetime, Func`1 matcherBuilderFactory)
   at Microsoft.AspNetCore.Routing.Matching.DfaMatcherFactory.CreateMatcher(EndpointDataSource dataSource)
   at Microsoft.AspNetCore.Routing.EndpointRoutingMiddleware.InitializeCoreAsync()
--- End of stack trace from previous location ---
   at Microsoft.AspNetCore.Routing.EndpointRoutingMiddleware.<Invoke>g__AwaitMatcher|10_0(EndpointRoutingMiddleware middleware, HttpContext httpContext, Task`1 matcherTask)
   at Microsoft.AspNetCore.Diagnostics.DeveloperExceptionPageMiddlewareImpl.Invoke(HttpContext context)
2026-09-29 13:53:39.985 +02:00 [INF] Request finished HTTP/1.1 GET http://localhost:5172/ - 500 null text/html; charset=utf-8 6.55ms
2026-09-29 13:53:40.188 +02:00 [INF] Request starting HTTP/1.1 GET http://localhost:5172/ - null null
2026-09-29 13:53:40.190 +02:00 [ERR] An unhandled exception has occurred while executing the request.
System.InvalidOperationException: The constraint reference 'string' could not be resolved to a type. Register the constraint type with 'Microsoft.AspNetCore.Routing.RouteOptions.ConstraintMap'.
   at Microsoft.AspNetCore.Routing.DefaultParameterPolicyFactory.Create(RoutePatternParameterPart parameter, String inlineText)
   at Microsoft.AspNetCore.Routing.Matching.DfaMatcherBuilder.CachingParameterPolicyFactory.Create(RoutePatternParameterPart parameter, String inlineText)
   at Microsoft.AspNetCore.Routing.Matching.DfaMatcherBuilder.DfaBuilderWorker.AddParentsWithMatchingLiteralConstraints(List`1 nextParents, DfaNode parent, RoutePatternParameterPart parameterPart, IReadOnlyList`1 parameterPolicyReferences)
   at Microsoft.AspNetCore.Routing.Matching.DfaMatcherBuilder.DfaBuilderWorker.ProcessSegment(RouteEndpoint endpoint, List`1 parents, List`1 nextParents, RoutePatternPathSegment segment)
   at Microsoft.AspNetCore.Routing.Matching.DfaMatcherBuilder.DfaBuilderWorker.ProcessLevel(Int32 depth)
   at Microsoft.AspNetCore.Routing.Matching.DfaMatcherBuilder.BuildDfaTree(Boolean includeLabel)
   at Microsoft.AspNetCore.Routing.Matching.DfaMatcherBuilder.Build()
   at Microsoft.AspNetCore.Routing.Matching.DataSourceDependentMatcher.CreateMatcher(IReadOnlyList`1 endpoints)
   at Microsoft.AspNetCore.Routing.DataSourceDependentCache`1.Initialize()
   at System.Threading.LazyInitializer.EnsureInitializedCore[T](T& target, Boolean& initialized, Object& syncLock, Func`1 valueFactory)
   at Microsoft.AspNetCore.Routing.Matching.DataSourceDependentMatcher..ctor(EndpointDataSource dataSource, Lifetime lifetime, Func`1 matcherBuilderFactory)
   at Microsoft.AspNetCore.Routing.Matching.DfaMatcherFactory.CreateMatcher(EndpointDataSource dataSource)
   at Microsoft.AspNetCore.Routing.EndpointRoutingMiddleware.InitializeCoreAsync()
--- End of stack trace from previous location ---
   at Microsoft.AspNetCore.Routing.EndpointRoutingMiddleware.<Invoke>g__AwaitMatcher|10_0(EndpointRoutingMiddleware middleware, HttpContext httpContext, Task`1 matcherTask)
   at Microsoft.AspNetCore.Diagnostics.DeveloperExceptionPageMiddlewareImpl.Invoke(HttpContext context)
2026-09-29 13:53:40.193 +02:00 [INF] Request finished HTTP/1.1 GET http://localhost:5172/ - 500 null text/html; charset=utf-8 5.2131ms
2026-09-29 13:53:43.807 +02:00 [INF] Request starting HTTP/1.1 GET http://localhost:5172/ - null null
2026-09-29 13:53:43.811 +02:00 [ERR] An unhandled exception has occurred while executing the request.
System.InvalidOperationException: The constraint reference 'string' could not be resolved to a type. Register the constraint type with 'Microsoft.AspNetCore.Routing.RouteOptions.ConstraintMap'.
   at Microsoft.AspNetCore.Routing.DefaultParameterPolicyFactory.Create(RoutePatternParameterPart parameter, String inlineText)
   at Microsoft.AspNetCore.Routing.Matching.DfaMatcherBuilder.CachingParameterPolicyFactory.Create(RoutePatternParameterPart parameter, String inlineText)
   at Microsoft.AspNetCore.Routing.Matching.DfaMatcherBuilder.DfaBuilderWorker.AddParentsWithMatchingLiteralConstraints(List`1 nextParents, DfaNode parent, RoutePatternParameterPart parameterPart, IReadOnlyList`1 parameterPolicyReferences)
   at Microsoft.AspNetCore.Routing.Matching.DfaMatcherBuilder.DfaBuilderWorker.ProcessSegment(RouteEndpoint endpoint, List`1 parents, List`1 nextParents, RoutePatternPathSegment segment)
   at Microsoft.AspNetCore.Routing.Matching.DfaMatcherBuilder.DfaBuilderWorker.ProcessLevel(Int32 depth)
   at Microsoft.AspNetCore.Routing.Matching.DfaMatcherBuilder.BuildDfaTree(Boolean includeLabel)
   at Microsoft.AspNetCore.Routing.Matching.DfaMatcherBuilder.Build()
   at Microsoft.AspNetCore.Routing.Matching.DataSourceDependentMatcher.CreateMatcher(IReadOnlyList`1 endpoints)
   at Microsoft.AspNetCore.Routing.DataSourceDependentCache`1.Initialize()
   at System.Threading.LazyInitializer.EnsureInitializedCore[T](T& target, Boolean& initialized, Object& syncLock, Func`1 valueFactory)
   at Microsoft.AspNetCore.Routing.Matching.DataSourceDependentMatcher..ctor(EndpointDataSource dataSource, Lifetime lifetime, Func`1 matcherBuilderFactory)
   at Microsoft.AspNetCore.Routing.Matching.DfaMatcherFactory.CreateMatcher(EndpointDataSource dataSource)
   at Microsoft.AspNetCore.Routing.EndpointRoutingMiddleware.InitializeCoreAsync()
--- End of stack trace from previous location ---
   at Microsoft.AspNetCore.Routing.EndpointRoutingMiddleware.<Invoke>g__AwaitMatcher|10_0(EndpointRoutingMiddleware middleware, HttpContext httpContext, Task`1 matcherTask)
   at Microsoft.AspNetCore.Diagnostics.DeveloperExceptionPageMiddlewareImpl.Invoke(HttpContext context)
2026-09-29 13:53:43.815 +02:00 [INF] Request finished HTTP/1.1 GET http://localhost:5172/ - 500 null text/html; charset=utf-8 7.5656ms
2026-09-29 13:53:56.454 +02:00 [INF] Request starting HTTP/1.1 GET http://localhost:5172/ - null null
2026-09-29 13:53:56.457 +02:00 [ERR] An unhandled exception has occurred while executing the request.
System.InvalidOperationException: The constraint reference 'string' could not be resolved to a type. Register the constraint type with 'Microsoft.AspNetCore.Routing.RouteOptions.ConstraintMap'.
   at Microsoft.AspNetCore.Routing.DefaultParameterPolicyFactory.Create(RoutePatternParameterPart parameter, String inlineText)
   at Microsoft.AspNetCore.Routing.Matching.DfaMatcherBuilder.CachingParameterPolicyFactory.Create(RoutePatternParameterPart parameter, String inlineText)
   at Microsoft.AspNetCore.Routing.Matching.DfaMatcherBuilder.DfaBuilderWorker.AddParentsWithMatchingLiteralConstraints(List`1 nextParents, DfaNode parent, RoutePatternParameterPart parameterPart, IReadOnlyList`1 parameterPolicyReferences)
   at Microsoft.AspNetCore.Routing.Matching.DfaMatcherBuilder.DfaBuilderWorker.ProcessSegment(RouteEndpoint endpoint, List`1 parents, List`1 nextParents, RoutePatternPathSegment segment)
   at Microsoft.AspNetCore.Routing.Matching.DfaMatcherBuilder.DfaBuilderWorker.ProcessLevel(Int32 depth)
   at Microsoft.AspNetCore.Routing.Matching.DfaMatcherBuilder.BuildDfaTree(Boolean includeLabel)
   at Microsoft.AspNetCore.Routing.Matching.DfaMatcherBuilder.Build()
   at Microsoft.AspNetCore.Routing.Matching.DataSourceDependentMatcher.CreateMatcher(IReadOnlyList`1 endpoints)
   at Microsoft.AspNetCore.Routing.DataSourceDependentCache`1.Initialize()
   at System.Threading.LazyInitializer.EnsureInitializedCore[T](T& target, Boolean& initialized, Object& syncLock, Func`1 valueFactory)
   at Microsoft.AspNetCore.Routing.Matching.DataSourceDependentMatcher..ctor(EndpointDataSource dataSource, Lifetime lifetime, Func`1 matcherBuilderFactory)
   at Microsoft.AspNetCore.Routing.Matching.DfaMatcherFactory.CreateMatcher(EndpointDataSource dataSource)
   at Microsoft.AspNetCore.Routing.EndpointRoutingMiddleware.InitializeCoreAsync()
--- End of stack trace from previous location ---
   at Microsoft.AspNetCore.Routing.EndpointRoutingMiddleware.<Invoke>g__AwaitMatcher|10_0(EndpointRoutingMiddleware middleware, HttpContext httpContext, Task`1 matcherTask)
   at Microsoft.AspNetCore.Diagnostics.DeveloperExceptionPageMiddlewareImpl.Invoke(HttpContext context)
2026-09-29 13:53:56.462 +02:00 [INF] Request finished HTTP/1.1 GET http://localhost:5172/ - 500 null text/html; charset=utf-8 7.9745ms
2026-09-29 13:55:45.105 +02:00 [INF] Application is shutting down...
