2026-09-29 13:17:25.404 +02:00 [INF] Executed DbCommand (9ms) [Parameters=[], CommandType='"Text"', CommandTimeout='30']
PRAGMA journal_mode = 'wal';
2026-09-29 13:17:25.490 +02:00 [INF] Executed DbCommand (0ms) [Parameters=[], CommandType='"Text"', CommandTimeout='30']
CREATE TABLE "AspNetRoles" (
    "Id" TEXT NOT NULL CONSTRAINT "PK_AspNetRoles" PRIMARY KEY,
    "Name" TEXT NULL,
    "NormalizedName" TEXT NULL,
    "ConcurrencyStamp" TEXT NULL
);
2026-09-29 13:17:25.491 +02:00 [INF] Executed DbCommand (0ms) [Parameters=[], CommandType='"Text"', CommandTimeout='30']
CREATE TABLE "AspNetUsers" (
    "Id" TEXT NOT NULL CONSTRAINT "PK_AspNetUsers" PRIMARY KEY,
    "UserName" TEXT NULL,
    "NormalizedUserName" TEXT NULL,
    "Email" TEXT NULL,
    "NormalizedEmail" TEXT NULL,
    "EmailConfirmed" INTEGER NOT NULL,
    "PasswordHash" TEXT NULL,
    "SecurityStamp" TEXT NULL,
    "ConcurrencyStamp" TEXT NULL,
    "PhoneNumber" TEXT NULL,
    "PhoneNumberConfirmed" INTEGER NOT NULL,
    "TwoFactorEnabled" INTEGER NOT NULL,
    "LockoutEnd" TEXT NULL,
    "LockoutEnabled" INTEGER NOT NULL,
    "AccessFailedCount" INTEGER NOT NULL
);
2026-09-29 13:17:25.494 +02:00 [INF] Executed DbCommand (0ms) [Parameters=[], CommandType='"Text"', CommandTimeout='30']
CREATE TABLE "Users" (
    "id" INTEGER NOT NULL CONSTRAINT "PK_Users" PRIMARY KEY AUTOINCREMENT,
    "DisplayName" TEXT NOT NULL,
    "password_hash" TEXT NOT NULL
);
2026-09-29 13:17:25.495 +02:00 [INF] Executed DbCommand (0ms) [Parameters=[], CommandType='"Text"', CommandTimeout='30']
CREATE TABLE "AspNetRoleClaims" (
    "Id" INTEGER NOT NULL CONSTRAINT "PK_AspNetRoleClaims" PRIMARY KEY AUTOINCREMENT,
    "RoleId" TEXT NOT NULL,
    "ClaimType" TEXT NULL,
    "ClaimValue" TEXT NULL,
    CONSTRAINT "FK_AspNetRoleClaims_AspNetRoles_RoleId" FOREIGN KEY ("RoleId") REFERENCES "AspNetRoles" ("Id") ON DELETE CASCADE
);
2026-09-29 13:17:25.496 +02:00 [INF] Executed DbCommand (0ms) [Parameters=[], CommandType='"Text"', CommandTimeout='30']
CREATE TABLE "AspNetUserClaims" (
    "Id" INTEGER NOT NULL CONSTRAINT "PK_AspNetUserClaims" PRIMARY KEY AUTOINCREMENT,
    "UserId" TEXT NOT NULL,
    "ClaimType" TEXT NULL,
    "ClaimValue" TEXT NULL,
    CONSTRAINT "FK_AspNetUserClaims_AspNetUsers_UserId" FOREIGN KEY ("UserId") REFERENCES "AspNetUsers" ("Id") ON DELETE CASCADE
);
2026-09-29 13:17:25.497 +02:00 [INF] Executed DbCommand (0ms) [Parameters=[], CommandType='"Text"', CommandTimeout='30']
CREATE TABLE "AspNetUserLogins" (
    "LoginProvider" TEXT NOT NULL,
    "ProviderKey" TEXT NOT NULL,
    "ProviderDisplayName" TEXT NULL,
    "UserId" TEXT NOT NULL,
    CONSTRAINT "PK_AspNetUserLogins" PRIMARY KEY ("LoginProvider", "ProviderKey"),
    CONSTRAINT "FK_AspNetUserLogins_AspNetUsers_UserId" FOREIGN KEY ("UserId") REFERENCES "AspNetUsers" ("Id") ON DELETE CASCADE
);
2026-09-29 13:17:25.498 +02:00 [INF] Executed DbCommand (0ms) [Parameters=[], CommandType='"Text"', CommandTimeout='30']
CREATE TABLE "AspNetUserRoles" (
    "UserId" TEXT NOT NULL,
    "RoleId" TEXT NOT NULL,
    CONSTRAINT "PK_AspNetUserRoles" PRIMARY KEY ("UserId", "RoleId"),
    CONSTRAINT "FK_AspNetUserRoles_AspNetRoles_RoleId" FOREIGN KEY ("RoleId") REFERENCES "AspNetRoles" ("Id") ON DELETE CASCADE,
    CONSTRAINT "FK_AspNetUserRoles_AspNetUsers_UserId" FOREIGN KEY ("UserId") REFERENCES "AspNetUsers" ("Id") ON DELETE CASCADE
);
2026-09-29 13:17:25.499 +02:00 [INF] Executed DbCommand (0ms) [Parameters=[], CommandType='"Text"', CommandTimeout='30']
CREATE TABLE "AspNetUserTokens" (
    "UserId" TEXT NOT NULL,
    "LoginProvider" TEXT NOT NULL,
    "Name" TEXT NOT NULL,
    "Value" TEXT NULL,
    CONSTRAINT "PK_AspNetUserTokens" PRIMARY KEY ("UserId", "LoginProvider", "Name"),
    CONSTRAINT "FK_AspNetUserTokens_AspNetUsers_UserId" FOREIGN KEY ("UserId") REFERENCES "AspNetUsers" ("Id") ON DELETE CASCADE
);
2026-09-29 13:17:25.500 +02:00 [INF] Executed DbCommand (0ms) [Parameters=[], CommandType='"Text"', CommandTimeout='30']
CREATE TABLE "Quizzes" (
    "id" INTEGER NOT NULL CONSTRAINT "PK_Quizzes" PRIMARY KEY AUTOINCREMENT,
    "user_id" INTEGER NULL,
    "title" TEXT NULL,
    CONSTRAINT "FK_Quizzes_Users_user_id" FOREIGN KEY ("user_id") REFERENCES "Users" ("id") ON DELETE SET NULL
);
2026-09-29 13:17:25.501 +02:00 [INF] Executed DbCommand (0ms) [Parameters=[], CommandType='"Text"', CommandTimeout='30']
CREATE TABLE "Histories" (
    "id" INTEGER NOT NULL CONSTRAINT "PK_Histories" PRIMARY KEY AUTOINCREMENT,
    "user_id" INTEGER NULL,
    "quiz_id" INTEGER NULL,
    "completed_at" TEXT NULL,
    "score" INTEGER NULL,
    CONSTRAINT "FK_Histories_Quizzes_quiz_id" FOREIGN KEY ("quiz_id") REFERENCES "Quizzes" ("id") ON DELETE RESTRICT,
    CONSTRAINT "FK_Histories_Users_user_id" FOREIGN KEY ("user_id") REFERENCES "Users" ("id") ON DELETE RESTRICT
);
2026-09-29 13:17:25.502 +02:00 [INF] Executed DbCommand (0ms) [Parameters=[], CommandType='"Text"', CommandTimeout='30']
CREATE TABLE "Questions" (
    "id" INTEGER NOT NULL CONSTRAINT "PK_Questions" PRIMARY KEY AUTOINCREMENT,
    "quiz_id" INTEGER NULL,
    "type_id" INTEGER NULL,
    "title" TEXT NULL,
    "content" json NULL,
    CONSTRAINT "FK_Questions_Quizzes_quiz_id" FOREIGN KEY ("quiz_id") REFERENCES "Quizzes" ("id") ON DELETE CASCADE
);
2026-09-29 13:17:25.503 +02:00 [INF] Executed DbCommand (0ms) [Parameters=[], CommandType='"Text"', CommandTimeout='30']
CREATE INDEX "IX_AspNetRoleClaims_RoleId" ON "AspNetRoleClaims" ("RoleId");
2026-09-29 13:17:25.505 +02:00 [INF] Executed DbCommand (0ms) [Parameters=[], CommandType='"Text"', CommandTimeout='30']
CREATE UNIQUE INDEX "RoleNameIndex" ON "AspNetRoles" ("NormalizedName");
2026-09-29 13:17:25.506 +02:00 [INF] Executed DbCommand (0ms) [Parameters=[], CommandType='"Text"', CommandTimeout='30']
CREATE INDEX "IX_AspNetUserClaims_UserId" ON "AspNetUserClaims" ("UserId");
2026-09-29 13:17:25.507 +02:00 [INF] Executed DbCommand (0ms) [Parameters=[], CommandType='"Text"', CommandTimeout='30']
CREATE INDEX "IX_AspNetUserLogins_UserId" ON "AspNetUserLogins" ("UserId");
2026-09-29 13:17:25.509 +02:00 [INF] Executed DbCommand (0ms) [Parameters=[], CommandType='"Text"', CommandTimeout='30']
CREATE INDEX "IX_AspNetUserRoles_RoleId" ON "AspNetUserRoles" ("RoleId");
2026-09-29 13:17:25.510 +02:00 [INF] Executed DbCommand (0ms) [Parameters=[], CommandType='"Text"', CommandTimeout='30']
CREATE INDEX "EmailIndex" ON "AspNetUsers" ("NormalizedEmail");
2026-09-29 13:17:25.511 +02:00 [INF] Executed DbCommand (0ms) [Parameters=[], CommandType='"Text"', CommandTimeout='30']
CREATE UNIQUE INDEX "UserNameIndex" ON "AspNetUsers" ("NormalizedUserName");
2026-09-29 13:17:25.512 +02:00 [INF] Executed DbCommand (0ms) [Parameters=[], CommandType='"Text"', CommandTimeout='30']
CREATE INDEX "IX_Histories_quiz_id" ON "Histories" ("quiz_id");
2026-09-29 13:17:25.514 +02:00 [INF] Executed DbCommand (0ms) [Parameters=[], CommandType='"Text"', CommandTimeout='30']
CREATE INDEX "IX_Histories_user_id" ON "Histories" ("user_id");
2026-09-29 13:17:25.515 +02:00 [INF] Executed DbCommand (0ms) [Parameters=[], CommandType='"Text"', CommandTimeout='30']
CREATE INDEX "IX_Questions_quiz_id" ON "Questions" ("quiz_id");
2026-09-29 13:17:25.517 +02:00 [INF] Executed DbCommand (0ms) [Parameters=[], CommandType='"Text"', CommandTimeout='30']
CREATE INDEX "IX_Quizzes_user_id" ON "Quizzes" ("user_id");
2026-09-29 13:17:25.645 +02:00 [INF] Executed DbCommand (0ms) [Parameters=[], CommandType='"Text"', CommandTimeout='30']
SELECT EXISTS (
    SELECT 1
    FROM "Users" AS "u")
2026-09-29 13:17:25.730 +02:00 [INF] Executed DbCommand (2ms) [Parameters=[@p0='?' (Size = 12), @p1='?'], CommandType='"Text"', CommandTimeout='30']
INSERT INTO "Users" ("DisplayName", "password_hash")
VALUES (@p0, @p1)
RETURNING "id";
2026-09-29 13:17:25.738 +02:00 [INF] Executed DbCommand (0ms) [Parameters=[@p0='?' (Size = 15), @p1='?'], CommandType='"Text"', CommandTimeout='30']
INSERT INTO "Users" ("DisplayName", "password_hash")
VALUES (@p0, @p1)
RETURNING "id";
2026-09-29 13:17:25.750 +02:00 [WRN] The query uses the 'First'/'FirstOrDefault' operator without 'OrderBy' and filter operators. This may lead to unpredictable results.
2026-09-29 13:17:25.770 +02:00 [INF] Executed DbCommand (0ms) [Parameters=[], CommandType='"Text"', CommandTimeout='30']
SELECT "u"."id", "u"."DisplayName", "u"."password_hash"
FROM "Users" AS "u"
LIMIT 1
2026-09-29 13:17:25.781 +02:00 [INF] Executed DbCommand (0ms) [Parameters=[], CommandType='"Text"', CommandTimeout='30']
SELECT "u"."id", "u"."DisplayName", "u"."password_hash"
FROM "Users" AS "u"
ORDER BY "u"."id" DESC
LIMIT 1
2026-09-29 13:17:25.785 +02:00 [INF] Executed DbCommand (0ms) [Parameters=[], CommandType='"Text"', CommandTimeout='30']
SELECT EXISTS (
    SELECT 1
    FROM "Quizzes" AS "q")
2026-09-29 13:17:25.806 +02:00 [INF] Executed DbCommand (0ms) [Parameters=[@p0='?' (Size = 5), @p1='?' (DbType = Int32)], CommandType='"Text"', CommandTimeout='30']
INSERT INTO "Quizzes" ("title", "user_id")
VALUES (@p0, @p1)
RETURNING "id";
2026-09-29 13:17:25.809 +02:00 [INF] Executed DbCommand (0ms) [Parameters=[@p0='?' (Size = 9), @p1='?' (DbType = Int32)], CommandType='"Text"', CommandTimeout='30']
INSERT INTO "Quizzes" ("title", "user_id")
VALUES (@p0, @p1)
RETURNING "id";
2026-09-29 13:17:25.830 +02:00 [INF] Executed DbCommand (1ms) [Parameters=[], CommandType='"Text"', CommandTimeout='30']
SELECT COUNT(*) FROM "sqlite_master" WHERE "type" = 'table' AND "rootpage" IS NOT NULL;
2026-09-29 13:17:25.890 +02:00 [INF] User profile is available. Using 'C:\Users\LeonE\AppData\Local\ASP.NET\DataProtection-Keys' as key repository and Windows DPAPI to encrypt keys at rest.
2026-09-29 13:17:25.971 +02:00 [INF] Now listening on: http://localhost:5172
2026-09-29 13:17:25.973 +02:00 [INF] Application started. Press Ctrl+C to shut down.
2026-09-29 13:17:25.974 +02:00 [INF] Hosting environment: Development
2026-09-29 13:17:25.974 +02:00 [INF] Content root path: C:\Users\LeonE\Desktop\GitHub\ITPE3200-1-26H\gremlin
2026-09-29 13:18:53.912 +02:00 [INF] Request starting HTTP/1.1 GET http://localhost:5172/ - null null
2026-09-29 13:18:53.917 +02:00 [WRN] Failed to determine the https port for redirect.
2026-09-29 13:18:53.996 +02:00 [INF] Executing endpoint 'Gremlin.Controllers.HomeController.Index (Gremlin)'
2026-09-29 13:18:54.003 +02:00 [INF] Route matched with {action = "Index", controller = "Home", page = "", area = ""}. Executing controller action with signature Microsoft.AspNetCore.Mvc.IActionResult Index() on controller Gremlin.Controllers.HomeController (Gremlin).
2026-09-29 13:18:54.012 +02:00 [INF] Executing ViewResult, running view Index.
2026-09-29 13:18:54.104 +02:00 [INF] Executed ViewResult - view Index executed in 94.5296ms.
2026-09-29 13:18:54.106 +02:00 [INF] Executed action Gremlin.Controllers.HomeController.Index (Gremlin) in 100.7208ms
2026-09-29 13:18:54.107 +02:00 [INF] Executed endpoint 'Gremlin.Controllers.HomeController.Index (Gremlin)'
2026-09-29 13:18:54.111 +02:00 [INF] Request finished HTTP/1.1 GET http://localhost:5172/ - 200 null text/html; charset=utf-8 199.7848ms
2026-09-29 13:19:00.040 +02:00 [INF] Request starting HTTP/1.1 GET http://localhost:5172/Account/Register - null null
2026-09-29 13:19:00.044 +02:00 [INF] Executing endpoint 'Gremlin.Controllers.AccountController.Register (Gremlin)'
2026-09-29 13:19:00.049 +02:00 [INF] Route matched with {action = "Register", controller = "Account", page = "", area = ""}. Executing controller action with signature Microsoft.AspNetCore.Mvc.IActionResult Register() on controller Gremlin.Controllers.AccountController (Gremlin).
2026-09-29 13:19:00.055 +02:00 [INF] Executing ViewResult, running view Register.
2026-09-29 13:19:00.100 +02:00 [INF] Executed ViewResult - view Register executed in 45.4384ms.
2026-09-29 13:19:00.101 +02:00 [INF] Executed action Gremlin.Controllers.AccountController.Register (Gremlin) in 50.3109ms
2026-09-29 13:19:00.101 +02:00 [INF] Executed endpoint 'Gremlin.Controllers.AccountController.Register (Gremlin)'
2026-09-29 13:19:00.102 +02:00 [INF] Request finished HTTP/1.1 GET http://localhost:5172/Account/Register - 200 null text/html; charset=utf-8 62.5643ms
2026-09-29 13:19:03.344 +02:00 [INF] Request starting HTTP/1.1 GET http://localhost:5172/Account/Login - null null
2026-09-29 13:19:03.351 +02:00 [INF] Executing endpoint 'Gremlin.Controllers.AccountController.Login (Gremlin)'
2026-09-29 13:19:03.358 +02:00 [INF] Route matched with {action = "Login", controller = "Account", page = "", area = ""}. Executing controller action with signature Microsoft.AspNetCore.Mvc.IActionResult Login(System.String) on controller Gremlin.Controllers.AccountController (Gremlin).
2026-09-29 13:19:03.372 +02:00 [INF] Executing ViewResult, running view Login.
2026-09-29 13:19:03.389 +02:00 [INF] Executed ViewResult - view Login executed in 17.0214ms.
2026-09-29 13:19:03.390 +02:00 [INF] Executed action Gremlin.Controllers.AccountController.Login (Gremlin) in 31.0989ms
2026-09-29 13:19:03.391 +02:00 [INF] Executed endpoint 'Gremlin.Controllers.AccountController.Login (Gremlin)'
2026-09-29 13:19:03.392 +02:00 [INF] Request finished HTTP/1.1 GET http://localhost:5172/Account/Login - 200 null text/html; charset=utf-8 48.4134ms
2026-09-29 13:19:05.715 +02:00 [INF] Request starting HTTP/1.1 GET http://localhost:5172/Account/Register - null null
2026-09-29 13:19:05.719 +02:00 [INF] Executing endpoint 'Gremlin.Controllers.AccountController.Register (Gremlin)'
2026-09-29 13:19:05.720 +02:00 [INF] Route matched with {action = "Register", controller = "Account", page = "", area = ""}. Executing controller action with signature Microsoft.AspNetCore.Mvc.IActionResult Register() on controller Gremlin.Controllers.AccountController (Gremlin).
2026-09-29 13:19:05.722 +02:00 [INF] Executing ViewResult, running view Register.
2026-09-29 13:19:05.724 +02:00 [INF] Executed ViewResult - view Register executed in 2.2288ms.
2026-09-29 13:19:05.725 +02:00 [INF] Executed action Gremlin.Controllers.AccountController.Register (Gremlin) in 4.0313ms
2026-09-29 13:19:05.727 +02:00 [INF] Executed endpoint 'Gremlin.Controllers.AccountController.Register (Gremlin)'
2026-09-29 13:19:05.729 +02:00 [INF] Request finished HTTP/1.1 GET http://localhost:5172/Account/Register - 200 null text/html; charset=utf-8 13.1521ms
2026-09-29 13:19:19.791 +02:00 [INF] Request starting HTTP/1.1 POST http://localhost:5172/Account/Register - application/x-www-form-urlencoded 245
2026-09-29 13:19:19.794 +02:00 [INF] Executing endpoint 'Gremlin.Controllers.AccountController.Register (Gremlin)'
2026-09-29 13:19:19.801 +02:00 [INF] Route matched with {action = "Register", controller = "Account", page = "", area = ""}. Executing controller action with signature System.Threading.Tasks.Task`1[Microsoft.AspNetCore.Mvc.IActionResult] Register(Gremlin.ViewModels.RegisterViewModel) on controller Gremlin.Controllers.AccountController (Gremlin).
2026-09-29 13:19:19.815 +02:00 [INF] Executing ViewResult, running view Register.
2026-09-29 13:19:19.819 +02:00 [INF] Executed ViewResult - view Register executed in 4.8294ms.
2026-09-29 13:19:19.822 +02:00 [INF] Executed action Gremlin.Controllers.AccountController.Register (Gremlin) in 19.7421ms
2026-09-29 13:19:19.824 +02:00 [INF] Executed endpoint 'Gremlin.Controllers.AccountController.Register (Gremlin)'
2026-09-29 13:19:19.825 +02:00 [INF] Request finished HTTP/1.1 POST http://localhost:5172/Account/Register - 200 null text/html; charset=utf-8 33.8505ms
2026-09-29 13:19:44.969 +02:00 [INF] Request starting HTTP/1.1 POST http://localhost:5172/Account/Register - application/x-www-form-urlencoded 251
2026-09-29 13:19:44.972 +02:00 [INF] Executing endpoint 'Gremlin.Controllers.AccountController.Register (Gremlin)'
2026-09-29 13:19:44.973 +02:00 [INF] Route matched with {action = "Register", controller = "Account", page = "", area = ""}. Executing controller action with signature System.Threading.Tasks.Task`1[Microsoft.AspNetCore.Mvc.IActionResult] Register(Gremlin.ViewModels.RegisterViewModel) on controller Gremlin.Controllers.AccountController (Gremlin).
2026-09-29 13:19:44.976 +02:00 [INF] Executing ViewResult, running view Register.
2026-09-29 13:19:44.978 +02:00 [INF] Executed ViewResult - view Register executed in 2.0817ms.
2026-09-29 13:19:44.979 +02:00 [INF] Executed action Gremlin.Controllers.AccountController.Register (Gremlin) in 5.2641ms
2026-09-29 13:19:44.980 +02:00 [INF] Executed endpoint 'Gremlin.Controllers.AccountController.Register (Gremlin)'
2026-09-29 13:19:44.981 +02:00 [INF] Request finished HTTP/1.1 POST http://localhost:5172/Account/Register - 200 null text/html; charset=utf-8 12.022ms
2026-09-29 13:20:01.562 +02:00 [INF] Request starting HTTP/1.1 POST http://localhost:5172/Account/Register - application/x-www-form-urlencoded 253
2026-09-29 13:20:01.564 +02:00 [INF] Executing endpoint 'Gremlin.Controllers.AccountController.Register (Gremlin)'
2026-09-29 13:20:01.565 +02:00 [INF] Route matched with {action = "Register", controller = "Account", page = "", area = ""}. Executing controller action with signature System.Threading.Tasks.Task`1[Microsoft.AspNetCore.Mvc.IActionResult] Register(Gremlin.ViewModels.RegisterViewModel) on controller Gremlin.Controllers.AccountController (Gremlin).
2026-09-29 13:20:01.717 +02:00 [INF] Executed DbCommand (1ms) [Parameters=[@normalizedUserName='?' (Size = 19)], CommandType='"Text"', CommandTimeout='30']
SELECT "a"."Id", "a"."AccessFailedCount", "a"."ConcurrencyStamp", "a"."Email", "a"."EmailConfirmed", "a"."LockoutEnabled", "a"."LockoutEnd", "a"."NormalizedEmail", "a"."NormalizedUserName", "a"."PasswordHash", "a"."PhoneNumber", "a"."PhoneNumberConfirmed", "a"."SecurityStamp", "a"."TwoFactorEnabled", "a"."UserName"
FROM "AspNetUsers" AS "a"
WHERE "a"."NormalizedUserName" = @normalizedUserName
LIMIT 1
2026-09-29 13:20:01.762 +02:00 [INF] Executed DbCommand (1ms) [Parameters=[@p0='?' (Size = 36), @p1='?' (DbType = Int32), @p2='?' (Size = 36), @p3='?' (Size = 19), @p4='?' (DbType = Boolean), @p5='?' (DbType = Boolean), @p6='?' (DbType = DateTimeOffset), @p7='?' (Size = 19), @p8='?' (Size = 19), @p9='?' (Size = 84), @p10='?', @p11='?' (DbType = Boolean), @p12='?' (Size = 32), @p13='?' (DbType = Boolean), @p14='?' (Size = 19)], CommandType='"Text"', CommandTimeout='30']
INSERT INTO "AspNetUsers" ("Id", "AccessFailedCount", "ConcurrencyStamp", "Email", "EmailConfirmed", "LockoutEnabled", "LockoutEnd", "NormalizedEmail", "NormalizedUserName", "PasswordHash", "PhoneNumber", "PhoneNumberConfirmed", "SecurityStamp", "TwoFactorEnabled", "UserName")
VALUES (@p0, @p1, @p2, @p3, @p4, @p5, @p6, @p7, @p8, @p9, @p10, @p11, @p12, @p13, @p14);
2026-09-29 13:20:01.789 +02:00 [INF] Executed DbCommand (0ms) [Parameters=[@user_Id='?' (Size = 36)], CommandType='"Text"', CommandTimeout='30']
SELECT "a"."Id", "a"."ClaimType", "a"."ClaimValue", "a"."UserId"
FROM "AspNetUserClaims" AS "a"
WHERE "a"."UserId" = @user_Id
2026-09-29 13:20:01.794 +02:00 [INF] AuthenticationScheme: Identity.Application signed in.
2026-09-29 13:20:01.795 +02:00 [INF] Executing RedirectResult, redirecting to /.
2026-09-29 13:20:01.796 +02:00 [INF] Executed action Gremlin.Controllers.AccountController.Register (Gremlin) in 228.858ms
2026-09-29 13:20:01.796 +02:00 [INF] Executed endpoint 'Gremlin.Controllers.AccountController.Register (Gremlin)'
2026-09-29 13:20:01.798 +02:00 [INF] Request finished HTTP/1.1 POST http://localhost:5172/Account/Register - 302 0 null 236.0758ms
2026-09-29 13:20:01.802 +02:00 [INF] Request starting HTTP/1.1 GET http://localhost:5172/ - null null
2026-09-29 13:20:01.808 +02:00 [INF] Executing endpoint 'Gremlin.Controllers.HomeController.Index (Gremlin)'
2026-09-29 13:20:01.809 +02:00 [INF] Route matched with {action = "Index", controller = "Home", page = "", area = ""}. Executing controller action with signature Microsoft.AspNetCore.Mvc.IActionResult Index() on controller Gremlin.Controllers.HomeController (Gremlin).
2026-09-29 13:20:01.810 +02:00 [INF] Executing ViewResult, running view Index.
2026-09-29 13:20:01.811 +02:00 [INF] Executed ViewResult - view Index executed in 1.7497ms.
2026-09-29 13:20:01.813 +02:00 [INF] Executed action Gremlin.Controllers.HomeController.Index (Gremlin) in 3.2488ms
2026-09-29 13:20:01.814 +02:00 [INF] Executed endpoint 'Gremlin.Controllers.HomeController.Index (Gremlin)'
2026-09-29 13:20:01.815 +02:00 [INF] Request finished HTTP/1.1 GET http://localhost:5172/ - 200 null text/html; charset=utf-8 12.6839ms
2026-09-29 13:22:17.651 +02:00 [INF] Request starting HTTP/1.1 GET http://localhost:5172/user/update - null null
2026-09-29 13:22:17.656 +02:00 [INF] Executing endpoint 'Gremlin.Controllers.UserController.Update (Gremlin)'
2026-09-29 13:22:17.659 +02:00 [INF] Route matched with {action = "Update", controller = "User", page = "", area = ""}. Executing controller action with signature Microsoft.AspNetCore.Mvc.IActionResult Update(Int32) on controller Gremlin.Controllers.UserController (Gremlin).
2026-09-29 13:22:17.680 +02:00 [INF] Executed DbCommand (0ms) [Parameters=[@p='?' (DbType = Int32)], CommandType='"Text"', CommandTimeout='30']
SELECT "u"."id", "u"."DisplayName", "u"."password_hash"
FROM "Users" AS "u"
WHERE "u"."id" = @p
LIMIT 1
2026-09-29 13:22:17.685 +02:00 [INF] Executing StatusCodeResult, setting HTTP status code 404
2026-09-29 13:22:17.686 +02:00 [INF] Executed action Gremlin.Controllers.UserController.Update (Gremlin) in 25.7639ms
2026-09-29 13:22:17.687 +02:00 [INF] Executed endpoint 'Gremlin.Controllers.UserController.Update (Gremlin)'
2026-09-29 13:22:17.688 +02:00 [INF] Request finished HTTP/1.1 GET http://localhost:5172/user/update - 404 0 null 36.7666ms
2026-09-29 13:24:48.333 +02:00 [INF] Application is shutting down...
